Archive member included to satisfy reference by file (symbol)

c:/program files (x86)/atollic/truestudio for stm32 9.3.0/armtools/bin/../lib/gcc/arm-atollic-eabi/6.3.1/../../../../arm-atollic-eabi/lib/armv7e-m/fpu\libc_nano.a(lib_a-errno.o)
                              Src\syscalls.o (__errno)
c:/program files (x86)/atollic/truestudio for stm32 9.3.0/armtools/bin/../lib/gcc/arm-atollic-eabi/6.3.1/../../../../arm-atollic-eabi/lib/armv7e-m/fpu\libc_nano.a(lib_a-impure.o)
                              c:/program files (x86)/atollic/truestudio for stm32 9.3.0/armtools/bin/../lib/gcc/arm-atollic-eabi/6.3.1/../../../../arm-atollic-eabi/lib/armv7e-m/fpu\libc_nano.a(lib_a-errno.o) (_impure_ptr)
c:/program files (x86)/atollic/truestudio for stm32 9.3.0/armtools/bin/../lib/gcc/arm-atollic-eabi/6.3.1/../../../../arm-atollic-eabi/lib/armv7e-m/fpu\libc_nano.a(lib_a-init.o)
                              startup\startup_stm32f407xx.o (__libc_init_array)
c:/program files (x86)/atollic/truestudio for stm32 9.3.0/armtools/bin/../lib/gcc/arm-atollic-eabi/6.3.1/../../../../arm-atollic-eabi/lib/armv7e-m/fpu\libc_nano.a(lib_a-malloc.o)
                              Middlewares\ST\STM32_USB_Host_Library\Class\CDC\Src\usbh_cdc.o (malloc)
c:/program files (x86)/atollic/truestudio for stm32 9.3.0/armtools/bin/../lib/gcc/arm-atollic-eabi/6.3.1/../../../../arm-atollic-eabi/lib/armv7e-m/fpu\libc_nano.a(lib_a-memset.o)
                              Src\gpio.o (memset)
c:/program files (x86)/atollic/truestudio for stm32 9.3.0/armtools/bin/../lib/gcc/arm-atollic-eabi/6.3.1/../../../../arm-atollic-eabi/lib/armv7e-m/fpu\libc_nano.a(lib_a-nano-freer.o)
                              c:/program files (x86)/atollic/truestudio for stm32 9.3.0/armtools/bin/../lib/gcc/arm-atollic-eabi/6.3.1/../../../../arm-atollic-eabi/lib/armv7e-m/fpu\libc_nano.a(lib_a-malloc.o) (_free_r)
c:/program files (x86)/atollic/truestudio for stm32 9.3.0/armtools/bin/../lib/gcc/arm-atollic-eabi/6.3.1/../../../../arm-atollic-eabi/lib/armv7e-m/fpu\libc_nano.a(lib_a-nano-mallocr.o)
                              c:/program files (x86)/atollic/truestudio for stm32 9.3.0/armtools/bin/../lib/gcc/arm-atollic-eabi/6.3.1/../../../../arm-atollic-eabi/lib/armv7e-m/fpu\libc_nano.a(lib_a-malloc.o) (_malloc_r)
c:/program files (x86)/atollic/truestudio for stm32 9.3.0/armtools/bin/../lib/gcc/arm-atollic-eabi/6.3.1/../../../../arm-atollic-eabi/lib/armv7e-m/fpu\libc_nano.a(lib_a-sbrkr.o)
                              c:/program files (x86)/atollic/truestudio for stm32 9.3.0/armtools/bin/../lib/gcc/arm-atollic-eabi/6.3.1/../../../../arm-atollic-eabi/lib/armv7e-m/fpu\libc_nano.a(lib_a-nano-mallocr.o) (_sbrk_r)
c:/program files (x86)/atollic/truestudio for stm32 9.3.0/armtools/bin/../lib/gcc/arm-atollic-eabi/6.3.1/../../../../arm-atollic-eabi/lib/armv7e-m/fpu\libc_nano.a(lib_a-mlock.o)
                              c:/program files (x86)/atollic/truestudio for stm32 9.3.0/armtools/bin/../lib/gcc/arm-atollic-eabi/6.3.1/../../../../arm-atollic-eabi/lib/armv7e-m/fpu\libc_nano.a(lib_a-nano-freer.o) (__malloc_lock)
c:/program files (x86)/atollic/truestudio for stm32 9.3.0/armtools/bin/../lib/gcc/arm-atollic-eabi/6.3.1/../../../../arm-atollic-eabi/lib/armv7e-m/fpu\libc_nano.a(lib_a-reent.o)
                              c:/program files (x86)/atollic/truestudio for stm32 9.3.0/armtools/bin/../lib/gcc/arm-atollic-eabi/6.3.1/../../../../arm-atollic-eabi/lib/armv7e-m/fpu\libc_nano.a(lib_a-sbrkr.o) (errno)
c:/program files (x86)/atollic/truestudio for stm32 9.3.0/armtools/bin/../lib/gcc/arm-atollic-eabi/6.3.1/armv7e-m/fpu\libgcc.a(_aeabi_uldivmod.o)
                              Drivers\STM32F4xx_HAL_Driver\Src\stm32f4xx_hal_rcc.o (__aeabi_uldivmod)
c:/program files (x86)/atollic/truestudio for stm32 9.3.0/armtools/bin/../lib/gcc/arm-atollic-eabi/6.3.1/armv7e-m/fpu\libgcc.a(_udivmoddi4.o)
                              c:/program files (x86)/atollic/truestudio for stm32 9.3.0/armtools/bin/../lib/gcc/arm-atollic-eabi/6.3.1/armv7e-m/fpu\libgcc.a(_aeabi_uldivmod.o) (__udivmoddi4)
c:/program files (x86)/atollic/truestudio for stm32 9.3.0/armtools/bin/../lib/gcc/arm-atollic-eabi/6.3.1/armv7e-m/fpu\libgcc.a(_dvmd_tls.o)
                              c:/program files (x86)/atollic/truestudio for stm32 9.3.0/armtools/bin/../lib/gcc/arm-atollic-eabi/6.3.1/armv7e-m/fpu\libgcc.a(_aeabi_uldivmod.o) (__aeabi_ldiv0)

Allocating common symbols
Common symbol       size              file

MOTOR_PWM           0x14              Src\main.o
response            0x1               Src\main.o
errno               0x4               c:/program files (x86)/atollic/truestudio for stm32 9.3.0/armtools/bin/../lib/gcc/arm-atollic-eabi/6.3.1/../../../../arm-atollic-eabi/lib/armv7e-m/fpu\libc_nano.a(lib_a-reent.o)
huart3              0x40              Src\usart.o
hi2c1               0x54              Src\i2c.o
hUsbHostFS          0x3cc             Src\usb_host.o
[...]
Memory Configuration

Name             Origin             Length             Attributes
RAM              0x20000000         0x00020000         xrw
CCMRAM           0x10000000         0x00010000         xrw
FLASH            0x08000000         0x00100000         xr
*default*        0x00000000         0xffffffff

Linker script and memory map

LOAD c:/program files (x86)/atollic/truestudio for stm32 9.3.0/armtools/bin/../lib/gcc/arm-atollic-eabi/6.3.1/armv7e-m/fpu/crti.o
LOAD c:/program files (x86)/atollic/truestudio for stm32 9.3.0/armtools/bin/../lib/gcc/arm-atollic-eabi/6.3.1/armv7e-m/fpu/crtbegin.o
LOAD Drivers\STM32F4xx_HAL_Driver\Src\stm32f4xx_hal.o
LOAD Drivers\STM32F4xx_HAL_Driver\Src\stm32f4xx_hal_cortex.o
LOAD Drivers\STM32F4xx_HAL_Driver\Src\stm32f4xx_hal_dma.o
LOAD Drivers\STM32F4xx_HAL_Driver\Src\stm32f4xx_hal_dma_ex.o
LOAD Drivers\STM32F4xx_HAL_Driver\Src\stm32f4xx_hal_exti.o
LOAD Drivers\STM32F4xx_HAL_Driver\Src\stm32f4xx_hal_flash.o
LOAD Drivers\STM32F4xx_HAL_Driver\Src\stm32f4xx_hal_flash_ex.o
LOAD Drivers\STM32F4xx_HAL_Driver\Src\stm32f4xx_hal_flash_ramfunc.o
LOAD Drivers\STM32F4xx_HAL_Driver\Src\stm32f4xx_hal_gpio.o
LOAD Drivers\STM32F4xx_HAL_Driver\Src\stm32f4xx_hal_hcd.o
LOAD Drivers\STM32F4xx_HAL_Driver\Src\stm32f4xx_hal_i2c.o
LOAD Drivers\STM32F4xx_HAL_Driver\Src\stm32f4xx_hal_i2c_ex.o
LOAD Drivers\STM32F4xx_HAL_Driver\Src\stm32f4xx_hal_i2s.o
LOAD Drivers\STM32F4xx_HAL_Driver\Src\stm32f4xx_hal_i2s_ex.o
LOAD Drivers\STM32F4xx_HAL_Driver\Src\stm32f4xx_hal_pwr.o
LOAD Drivers\STM32F4xx_HAL_Driver\Src\stm32f4xx_hal_pwr_ex.o
LOAD Drivers\STM32F4xx_HAL_Driver\Src\stm32f4xx_hal_rcc.o
LOAD Drivers\STM32F4xx_HAL_Driver\Src\stm32f4xx_hal_rcc_ex.o
LOAD Drivers\STM32F4xx_HAL_Driver\Src\stm32f4xx_hal_spi.o
LOAD Drivers\STM32F4xx_HAL_Driver\Src\stm32f4xx_hal_tim.o
LOAD Drivers\STM32F4xx_HAL_Driver\Src\stm32f4xx_hal_tim_ex.o
LOAD Drivers\STM32F4xx_HAL_Driver\Src\stm32f4xx_hal_uart.o
LOAD Drivers\STM32F4xx_HAL_Driver\Src\stm32f4xx_ll_usb.o
LOAD Middlewares\ST\STM32_USB_Host_Library\Class\CDC\Src\usbh_cdc.o
LOAD Middlewares\ST\STM32_USB_Host_Library\Core\Src\usbh_core.o
LOAD Middlewares\ST\STM32_USB_Host_Library\Core\Src\usbh_ctlreq.o
LOAD Middlewares\ST\STM32_USB_Host_Library\Core\Src\usbh_ioreq.o
LOAD Middlewares\ST\STM32_USB_Host_Library\Core\Src\usbh_pipes.o
LOAD Src\gpio.o
LOAD Src\i2c.o
LOAD Src\i2s.o
LOAD Src\main.o
LOAD Src\spi.o
LOAD Src\stm32f4xx_hal_msp.o
LOAD Src\stm32f4xx_it.o
LOAD Src\syscalls.o
LOAD Src\system_stm32f4xx.o
LOAD Src\tim.o
LOAD Src\usart.o
LOAD Src\usb_host.o
LOAD Src\usbh_conf.o
LOAD Src\usbh_platform.o
LOAD startup\startup_stm32f407xx.o
                0x00000080                malloc_getpagesize_P = 0x80
START GROUP
LOAD c:/program files (x86)/atollic/truestudio for stm32 9.3.0/armtools/bin/../lib/gcc/arm-atollic-eabi/6.3.1/../../../../arm-atollic-eabi/lib/armv7e-m/fpu\libc_nano.a
LOAD c:/program files (x86)/atollic/truestudio for stm32 9.3.0/armtools/bin/../lib/gcc/arm-atollic-eabi/6.3.1/../../../../arm-atollic-eabi/lib/armv7e-m/fpu\libm.a
END GROUP
START GROUP
LOAD c:/program files (x86)/atollic/truestudio for stm32 9.3.0/armtools/bin/../lib/gcc/arm-atollic-eabi/6.3.1/armv7e-m/fpu\libgcc.a
LOAD c:/program files (x86)/atollic/truestudio for stm32 9.3.0/armtools/bin/../lib/gcc/arm-atollic-eabi/6.3.1/../../../../arm-atollic-eabi/lib/armv7e-m/fpu\libc_nano.a
END GROUP
START GROUP
LOAD c:/program files (x86)/atollic/truestudio for stm32 9.3.0/armtools/bin/../lib/gcc/arm-atollic-eabi/6.3.1/armv7e-m/fpu\libgcc.a
LOAD c:/program files (x86)/atollic/truestudio for stm32 9.3.0/armtools/bin/../lib/gcc/arm-atollic-eabi/6.3.1/../../../../arm-atollic-eabi/lib/armv7e-m/fpu\libc_nano.a
LOAD c:/program files (x86)/atollic/truestudio for stm32 9.3.0/armtools/bin/../lib/gcc/arm-atollic-eabi/6.3.1/../../../../arm-atollic-eabi/lib/armv7e-m/fpu\libnosys.a
END GROUP
START GROUP
LOAD c:/program files (x86)/atollic/truestudio for stm32 9.3.0/armtools/bin/../lib/gcc/arm-atollic-eabi/6.3.1/armv7e-m/fpu\libgcc.a
LOAD c:/program files (x86)/atollic/truestudio for stm32 9.3.0/armtools/bin/../lib/gcc/arm-atollic-eabi/6.3.1/../../../../arm-atollic-eabi/lib/armv7e-m/fpu\libc_nano.a
LOAD c:/program files (x86)/atollic/truestudio for stm32 9.3.0/armtools/bin/../lib/gcc/arm-atollic-eabi/6.3.1/../../../../arm-atollic-eabi/lib/armv7e-m/fpu\libnosys.a
END GROUP
LOAD c:/program files (x86)/atollic/truestudio for stm32 9.3.0/armtools/bin/../lib/gcc/arm-atollic-eabi/6.3.1/armv7e-m/fpu/crtend.o
LOAD c:/program files (x86)/atollic/truestudio for stm32 9.3.0/armtools/bin/../lib/gcc/arm-atollic-eabi/6.3.1/armv7e-m/fpu/crtn.o
                0x20020000                _estack = 0x20020000
                0x00000200                _Min_Heap_Size = 0x200
                0x00000400                _Min_Stack_Size = 0x400

.isr_vector     0x08000000      0x188
                0x08000000                . = ALIGN (0x4)
 *(.isr_vector)
 .isr_vector    0x08000000      0x188 startup\startup_stm32f407xx.o
                0x08000000                g_pfnVectors
                0x08000188                . = ALIGN (0x4)

.text           0x08000188     0x4dac
                0x08000188                . = ALIGN (0x4)
 *(.text)
 .text          0x08000188       0x40 c:/program files (x86)/atollic/truestudio for stm32 9.3.0/armtools/bin/../lib/gcc/arm-atollic-eabi/6.3.1/armv7e-m/fpu/crtbegin.o
 .text          0x080001c8       0x30 c:/program files (x86)/atollic/truestudio for stm32 9.3.0/armtools/bin/../lib/gcc/arm-atollic-eabi/6.3.1/armv7e-m/fpu\libgcc.a(_aeabi_uldivmod.o)
                0x080001c8                __aeabi_uldivmod
 .text          0x080001f8      0x2dc c:/program files (x86)/atollic/truestudio for stm32 9.3.0/armtools/bin/../lib/gcc/arm-atollic-eabi/6.3.1/armv7e-m/fpu\libgcc.a(_udivmoddi4.o)
                0x080001f8                __udivmoddi4
 .text          0x080004d4        0x4 c:/program files (x86)/atollic/truestudio for stm32 9.3.0/armtools/bin/../lib/gcc/arm-atollic-eabi/6.3.1/armv7e-m/fpu\libgcc.a(_dvmd_tls.o)
                0x080004d4                __aeabi_idiv0
                0x080004d4                __aeabi_ldiv0
 *(.text*)
 .text.HAL_InitTick
                0x080004d8       0x48 Drivers\STM32F4xx_HAL_Driver\Src\stm32f4xx_hal.o
                0x080004d8                HAL_InitTick
 .text.HAL_Init
                0x08000520       0x34 Drivers\STM32F4xx_HAL_Driver\Src\stm32f4xx_hal.o
                0x08000520                HAL_Init
 .text.HAL_IncTick
                0x08000554       0x18 Drivers\STM32F4xx_HAL_Driver\Src\stm32f4xx_hal.o
                0x08000554                HAL_IncTick
 .text.HAL_GetTick
                0x0800056c        0xc Drivers\STM32F4xx_HAL_Driver\Src\stm32f4xx_hal.o
                0x0800056c                HAL_GetTick
 .text.HAL_Delay
                0x08000578       0x28 Drivers\STM32F4xx_HAL_Driver\Src\stm32f4xx_hal.o
                0x08000578                HAL_Delay
 .text.HAL_NVIC_SetPriorityGrouping
                0x080005a0       0x24 Drivers\STM32F4xx_HAL_Driver\Src\stm32f4xx_hal_cortex.o
                0x080005a0                HAL_NVIC_SetPriorityGrouping
 .text.HAL_NVIC_SetPriority
                0x080005c4       0x68 Drivers\STM32F4xx_HAL_Driver\Src\stm32f4xx_hal_cortex.o
                0x080005c4                HAL_NVIC_SetPriority
 .text.HAL_NVIC_EnableIRQ
                0x0800062c       0x1c Drivers\STM32F4xx_HAL_Driver\Src\stm32f4xx_hal_cortex.o
                0x0800062c                HAL_NVIC_EnableIRQ
 .text.HAL_SYSTICK_Config
                0x08000648       0x2c Drivers\STM32F4xx_HAL_Driver\Src\stm32f4xx_hal_cortex.o
                0x08000648                HAL_SYSTICK_Config
 .text.HAL_DMA_Abort_IT
                0x08000674       0x24 Drivers\STM32F4xx_HAL_Driver\Src\stm32f4xx_hal_dma.o
                0x08000674                HAL_DMA_Abort_IT
 .text.HAL_GPIO_Init
                0x08000698      0x1c0 Drivers\STM32F4xx_HAL_Driver\Src\stm32f4xx_hal_gpio.o
                0x08000698                HAL_GPIO_Init
 .text.HAL_GPIO_WritePin
                0x08000858        0xa Drivers\STM32F4xx_HAL_Driver\Src\stm32f4xx_hal_gpio.o
                0x08000858                HAL_GPIO_WritePin
 *fill*         0x08000862        0x2 
 .text.HAL_GPIO_EXTI_IRQHandler
                0x08000864       0x18 Drivers\STM32F4xx_HAL_Driver\Src\stm32f4xx_hal_gpio.o
                0x08000864                HAL_GPIO_EXTI_IRQHandler
 .text.HAL_HCD_HC_Init
                0x0800087c       0x70 Drivers\STM32F4xx_HAL_Driver\Src\stm32f4xx_hal_hcd.o
                0x0800087c                HAL_HCD_HC_Init
 .text.HAL_HCD_HC_Halt
                0x080008ec       0x24 Drivers\STM32F4xx_HAL_Driver\Src\stm32f4xx_hal_hcd.o
                0x080008ec                HAL_HCD_HC_Halt
 .text.HAL_HCD_Init
                0x08000910       0x94 Drivers\STM32F4xx_HAL_Driver\Src\stm32f4xx_hal_hcd.o
                0x08000910                HAL_HCD_Init
 .text.HAL_HCD_HC_SubmitRequest
                0x080009a4       0xc4 Drivers\STM32F4xx_HAL_Driver\Src\stm32f4xx_hal_hcd.o
                0x080009a4                HAL_HCD_HC_SubmitRequest
 .text.HAL_HCD_IRQHandler
                0x08000a68      0x638 Drivers\STM32F4xx_HAL_Driver\Src\stm32f4xx_hal_hcd.o
                0x08000a68                HAL_HCD_IRQHandler
 .text.HAL_HCD_Start
                0x080010a0       0x2c Drivers\STM32F4xx_HAL_Driver\Src\stm32f4xx_hal_hcd.o
                0x080010a0                HAL_HCD_Start
 .text.HAL_HCD_Stop
                0x080010cc       0x24 Drivers\STM32F4xx_HAL_Driver\Src\stm32f4xx_hal_hcd.o
                0x080010cc                HAL_HCD_Stop
 .text.HAL_HCD_ResetPort
                0x080010f0        0x6 Drivers\STM32F4xx_HAL_Driver\Src\stm32f4xx_hal_hcd.o
                0x080010f0                HAL_HCD_ResetPort
 .text.HAL_HCD_HC_GetURBState
                0x080010f6        0xc Drivers\STM32F4xx_HAL_Driver\Src\stm32f4xx_hal_hcd.o
                0x080010f6                HAL_HCD_HC_GetURBState
 .text.HAL_HCD_HC_GetXferCount
                0x08001102        0xa Drivers\STM32F4xx_HAL_Driver\Src\stm32f4xx_hal_hcd.o
                0x08001102                HAL_HCD_HC_GetXferCount
 .text.HAL_HCD_GetCurrentFrame
                0x0800110c        0x6 Drivers\STM32F4xx_HAL_Driver\Src\stm32f4xx_hal_hcd.o
                0x0800110c                HAL_HCD_GetCurrentFrame
 .text.HAL_HCD_GetCurrentSpeed
                0x08001112        0x6 Drivers\STM32F4xx_HAL_Driver\Src\stm32f4xx_hal_hcd.o
                0x08001112                HAL_HCD_GetCurrentSpeed
 .text.HAL_I2C_Init
                0x08001118      0x158 Drivers\STM32F4xx_HAL_Driver\Src\stm32f4xx_hal_i2c.o
                0x08001118                HAL_I2C_Init
 .text.HAL_I2S_Init
                0x08001270      0x130 Drivers\STM32F4xx_HAL_Driver\Src\stm32f4xx_hal_i2s.o
                0x08001270                HAL_I2S_Init
 .text.HAL_I2S_TxCpltCallback
                0x080013a0        0x2 Drivers\STM32F4xx_HAL_Driver\Src\stm32f4xx_hal_i2s.o
                0x080013a0                HAL_I2S_TxCpltCallback
 .text.HAL_I2S_RxCpltCallback
                0x080013a2        0x2 Drivers\STM32F4xx_HAL_Driver\Src\stm32f4xx_hal_i2s.o
                0x080013a2                HAL_I2S_RxCpltCallback
 .text.HAL_I2S_ErrorCallback
                0x080013a4        0x2 Drivers\STM32F4xx_HAL_Driver\Src\stm32f4xx_hal_i2s.o
                0x080013a4                HAL_I2S_ErrorCallback
 .text.I2S_IRQHandler
                0x080013a6       0xfa Drivers\STM32F4xx_HAL_Driver\Src\stm32f4xx_hal_i2s.o
 .text.HAL_I2SEx_TxRxCpltCallback
                0x080014a0        0x2 Drivers\STM32F4xx_HAL_Driver\Src\stm32f4xx_hal_i2s_ex.o
                0x080014a0                HAL_I2SEx_TxRxCpltCallback
 *fill*         0x080014a2        0x2 
 .text.HAL_I2SEx_FullDuplex_IRQHandler
                0x080014a4      0x23c Drivers\STM32F4xx_HAL_Driver\Src\stm32f4xx_hal_i2s_ex.o
                0x080014a4                HAL_I2SEx_FullDuplex_IRQHandler
 .text.HAL_RCC_OscConfig
                0x080016e0      0x34c Drivers\STM32F4xx_HAL_Driver\Src\stm32f4xx_hal_rcc.o
                0x080016e0                HAL_RCC_OscConfig
 .text.HAL_RCC_GetSysClockFreq
                0x08001a2c       0x5c Drivers\STM32F4xx_HAL_Driver\Src\stm32f4xx_hal_rcc.o
                0x08001a2c                HAL_RCC_GetSysClockFreq
 .text.HAL_RCC_ClockConfig
                0x08001a88      0x138 Drivers\STM32F4xx_HAL_Driver\Src\stm32f4xx_hal_rcc.o
                0x08001a88                HAL_RCC_ClockConfig
 .text.HAL_RCC_GetPCLK1Freq
                0x08001bc0       0x20 Drivers\STM32F4xx_HAL_Driver\Src\stm32f4xx_hal_rcc.o
                0x08001bc0                HAL_RCC_GetPCLK1Freq
 .text.HAL_RCC_GetPCLK2Freq
                0x08001be0       0x20 Drivers\STM32F4xx_HAL_Driver\Src\stm32f4xx_hal_rcc.o
                0x08001be0                HAL_RCC_GetPCLK2Freq
 .text.HAL_RCCEx_PeriphCLKConfig
                0x08001c00      0x130 Drivers\STM32F4xx_HAL_Driver\Src\stm32f4xx_hal_rcc_ex.o
                0x08001c00                HAL_RCCEx_PeriphCLKConfig
 .text.HAL_RCCEx_GetPeriphCLKFreq
                0x08001d30       0x5c Drivers\STM32F4xx_HAL_Driver\Src\stm32f4xx_hal_rcc_ex.o
                0x08001d30                HAL_RCCEx_GetPeriphCLKFreq
 .text.HAL_SPI_Init
                0x08001d8c       0x7a Drivers\STM32F4xx_HAL_Driver\Src\stm32f4xx_hal_spi.o
                0x08001d8c                HAL_SPI_Init
 *fill*         0x08001e06        0x2 
 .text.TIM_OC1_SetConfig
                0x08001e08       0x64 Drivers\STM32F4xx_HAL_Driver\Src\stm32f4xx_hal_tim.o
 .text.TIM_OC3_SetConfig
                0x08001e6c       0x6c Drivers\STM32F4xx_HAL_Driver\Src\stm32f4xx_hal_tim.o
 .text.TIM_OC4_SetConfig
                0x08001ed8       0x4c Drivers\STM32F4xx_HAL_Driver\Src\stm32f4xx_hal_tim.o
 .text.HAL_TIM_PWM_MspInit
                0x08001f24        0x2 Drivers\STM32F4xx_HAL_Driver\Src\stm32f4xx_hal_tim.o
                0x08001f24                HAL_TIM_PWM_MspInit
 *fill*         0x08001f26        0x2 
 .text.TIM_Base_SetConfig
                0x08001f28       0xcc Drivers\STM32F4xx_HAL_Driver\Src\stm32f4xx_hal_tim.o
                0x08001f28                TIM_Base_SetConfig
 .text.HAL_TIM_Base_Init
                0x08001ff4       0x34 Drivers\STM32F4xx_HAL_Driver\Src\stm32f4xx_hal_tim.o
                0x08001ff4                HAL_TIM_Base_Init
 .text.HAL_TIM_PWM_Init
                0x08002028       0x34 Drivers\STM32F4xx_HAL_Driver\Src\stm32f4xx_hal_tim.o
                0x08002028                HAL_TIM_PWM_Init
 .text.TIM_OC2_SetConfig
                0x0800205c       0x6c Drivers\STM32F4xx_HAL_Driver\Src\stm32f4xx_hal_tim.o
                0x0800205c                TIM_OC2_SetConfig
 .text.HAL_TIM_PWM_ConfigChannel
                0x080020c8       0xc4 Drivers\STM32F4xx_HAL_Driver\Src\stm32f4xx_hal_tim.o
                0x080020c8                HAL_TIM_PWM_ConfigChannel
 .text.TIM_ETR_SetConfig
                0x0800218c       0x14 Drivers\STM32F4xx_HAL_Driver\Src\stm32f4xx_hal_tim.o
                0x0800218c                TIM_ETR_SetConfig
 .text.HAL_TIM_ConfigClockSource
                0x080021a0      0x128 Drivers\STM32F4xx_HAL_Driver\Src\stm32f4xx_hal_tim.o
                0x080021a0                HAL_TIM_ConfigClockSource
 .text.TIM_CCxChannelCmd
                0x080022c8       0x1c Drivers\STM32F4xx_HAL_Driver\Src\stm32f4xx_hal_tim.o
                0x080022c8                TIM_CCxChannelCmd
 .text.HAL_TIM_PWM_Start
                0x080022e4       0x40 Drivers\STM32F4xx_HAL_Driver\Src\stm32f4xx_hal_tim.o
                0x080022e4                HAL_TIM_PWM_Start
 .text.HAL_TIMEx_MasterConfigSynchronization
                0x08002324       0x84 Drivers\STM32F4xx_HAL_Driver\Src\stm32f4xx_hal_tim_ex.o
                0x08002324                HAL_TIMEx_MasterConfigSynchronization
 .text.HAL_TIMEx_ConfigBreakDeadTime
                0x080023a8       0x4c Drivers\STM32F4xx_HAL_Driver\Src\stm32f4xx_hal_tim_ex.o
                0x080023a8                HAL_TIMEx_ConfigBreakDeadTime
 .text.UART_EndRxTransfer
                0x080023f4       0x1a Drivers\STM32F4xx_HAL_Driver\Src\stm32f4xx_hal_uart.o
 *fill*         0x0800240e        0x2 
 .text.UART_SetConfig
                0x08002410       0xdc Drivers\STM32F4xx_HAL_Driver\Src\stm32f4xx_hal_uart.o
 .text.UART_WaitOnFlagUntilTimeout.constprop.3
                0x080024ec       0x50 Drivers\STM32F4xx_HAL_Driver\Src\stm32f4xx_hal_uart.o
 .text.HAL_UART_Init
                0x0800253c       0x5c Drivers\STM32F4xx_HAL_Driver\Src\stm32f4xx_hal_uart.o
                0x0800253c                HAL_UART_Init
 .text.HAL_UART_Transmit
                0x08002598       0xbe Drivers\STM32F4xx_HAL_Driver\Src\stm32f4xx_hal_uart.o
                0x08002598                HAL_UART_Transmit
 .text.HAL_UART_Receive_IT
                0x08002656       0x4e Drivers\STM32F4xx_HAL_Driver\Src\stm32f4xx_hal_uart.o
                0x08002656                HAL_UART_Receive_IT
 .text.HAL_UART_TxCpltCallback
                0x080026a4        0x2 Drivers\STM32F4xx_HAL_Driver\Src\stm32f4xx_hal_uart.o
                0x080026a4                HAL_UART_TxCpltCallback
 .text.UART_Receive_IT
                0x080026a6       0x7c Drivers\STM32F4xx_HAL_Driver\Src\stm32f4xx_hal_uart.o
 .text.HAL_UART_ErrorCallback
                0x08002722        0x2 Drivers\STM32F4xx_HAL_Driver\Src\stm32f4xx_hal_uart.o
                0x08002722                HAL_UART_ErrorCallback
 .text.HAL_UART_IRQHandler
                0x08002724      0x144 Drivers\STM32F4xx_HAL_Driver\Src\stm32f4xx_hal_uart.o
                0x08002724                HAL_UART_IRQHandler
 .text.UART_DMAAbortOnError
                0x08002868       0x10 Drivers\STM32F4xx_HAL_Driver\Src\stm32f4xx_hal_uart.o
 .text.USB_CoreReset
                0x08002878       0x30 Drivers\STM32F4xx_HAL_Driver\Src\stm32f4xx_ll_usb.o
 .text.USB_CoreInit
                0x080028a8       0x80 Drivers\STM32F4xx_HAL_Driver\Src\stm32f4xx_ll_usb.o
                0x080028a8                USB_CoreInit
 .text.USB_EnableGlobalInt
                0x08002928        0xc Drivers\STM32F4xx_HAL_Driver\Src\stm32f4xx_ll_usb.o
                0x08002928                USB_EnableGlobalInt
 .text.USB_DisableGlobalInt
                0x08002934        0xc Drivers\STM32F4xx_HAL_Driver\Src\stm32f4xx_ll_usb.o
                0x08002934                USB_DisableGlobalInt
 .text.USB_SetCurrentMode
                0x08002940       0x2e Drivers\STM32F4xx_HAL_Driver\Src\stm32f4xx_ll_usb.o
                0x08002940                USB_SetCurrentMode
 *fill*         0x0800296e        0x2 
 .text.USB_FlushTxFifo
                0x08002970       0x24 Drivers\STM32F4xx_HAL_Driver\Src\stm32f4xx_ll_usb.o
                0x08002970                USB_FlushTxFifo
 .text.USB_FlushRxFifo
                0x08002994       0x20 Drivers\STM32F4xx_HAL_Driver\Src\stm32f4xx_ll_usb.o
                0x08002994                USB_FlushRxFifo
 .text.USB_WritePacket
                0x080029b4       0x28 Drivers\STM32F4xx_HAL_Driver\Src\stm32f4xx_ll_usb.o
                0x080029b4                USB_WritePacket
 .text.USB_ReadPacket
                0x080029dc       0x1c Drivers\STM32F4xx_HAL_Driver\Src\stm32f4xx_ll_usb.o
                0x080029dc                USB_ReadPacket
 .text.USB_ReadInterrupts
                0x080029f8        0x8 Drivers\STM32F4xx_HAL_Driver\Src\stm32f4xx_ll_usb.o
                0x080029f8                USB_ReadInterrupts
 .text.USB_GetMode
                0x08002a00        0x8 Drivers\STM32F4xx_HAL_Driver\Src\stm32f4xx_ll_usb.o
                0x08002a00                USB_GetMode
 .text.USB_InitFSLSPClkSel
                0x08002a08       0x38 Drivers\STM32F4xx_HAL_Driver\Src\stm32f4xx_ll_usb.o
                0x08002a08                USB_InitFSLSPClkSel
 .text.USB_ResetPort
                0x08002a40       0x3c Drivers\STM32F4xx_HAL_Driver\Src\stm32f4xx_ll_usb.o
                0x08002a40                USB_ResetPort
 .text.USB_DriveVbus
                0x08002a7c       0x40 Drivers\STM32F4xx_HAL_Driver\Src\stm32f4xx_ll_usb.o
                0x08002a7c                USB_DriveVbus
 .text.USB_HostInit
                0x08002abc       0xe0 Drivers\STM32F4xx_HAL_Driver\Src\stm32f4xx_ll_usb.o
                0x08002abc                USB_HostInit
 .text.USB_GetHostSpeed
                0x08002b9c       0x16 Drivers\STM32F4xx_HAL_Driver\Src\stm32f4xx_ll_usb.o
                0x08002b9c                USB_GetHostSpeed
 .text.USB_GetCurrentFrame
                0x08002bb2        0xa Drivers\STM32F4xx_HAL_Driver\Src\stm32f4xx_ll_usb.o
                0x08002bb2                USB_GetCurrentFrame
 .text.USB_HC_Init
                0x08002bbc      0x10a Drivers\STM32F4xx_HAL_Driver\Src\stm32f4xx_ll_usb.o
                0x08002bbc                USB_HC_Init
 .text.USB_HC_ReadInterrupt
                0x08002cc6        0xa Drivers\STM32F4xx_HAL_Driver\Src\stm32f4xx_ll_usb.o
                0x08002cc6                USB_HC_ReadInterrupt
 .text.USB_HC_Halt
                0x08002cd0       0xa4 Drivers\STM32F4xx_HAL_Driver\Src\stm32f4xx_ll_usb.o
                0x08002cd0                USB_HC_Halt
 .text.USB_DoPing
                0x08002d74       0x24 Drivers\STM32F4xx_HAL_Driver\Src\stm32f4xx_ll_usb.o
                0x08002d74                USB_DoPing
 .text.USB_HC_StartXfer
                0x08002d98      0x164 Drivers\STM32F4xx_HAL_Driver\Src\stm32f4xx_ll_usb.o
                0x08002d98                USB_HC_StartXfer
 .text.USB_StopHost
                0x08002efc       0x6c Drivers\STM32F4xx_HAL_Driver\Src\stm32f4xx_ll_usb.o
                0x08002efc                USB_StopHost
 .text.USBH_CDC_SOFProcess
                0x08002f68        0x4 Middlewares\ST\STM32_USB_Host_Library\Class\CDC\Src\usbh_cdc.o
 .text.USBH_CDC_InterfaceDeInit
                0x08002f6c       0x62 Middlewares\ST\STM32_USB_Host_Library\Class\CDC\Src\usbh_cdc.o
 .text.USBH_CDC_InterfaceInit
                0x08002fce      0x12a Middlewares\ST\STM32_USB_Host_Library\Class\CDC\Src\usbh_cdc.o
 .text.USBH_CDC_ClassRequest
                0x080030f8       0x34 Middlewares\ST\STM32_USB_Host_Library\Class\CDC\Src\usbh_cdc.o
 .text.USBH_CDC_TransmitCallback
                0x0800312c        0x2 Middlewares\ST\STM32_USB_Host_Library\Class\CDC\Src\usbh_cdc.o
                0x0800312c                USBH_CDC_TransmitCallback
 .text.USBH_CDC_ReceiveCallback
                0x0800312e        0x2 Middlewares\ST\STM32_USB_Host_Library\Class\CDC\Src\usbh_cdc.o
                0x0800312e                USBH_CDC_ReceiveCallback
 .text.USBH_CDC_LineCodingChanged
                0x08003130        0x2 Middlewares\ST\STM32_USB_Host_Library\Class\CDC\Src\usbh_cdc.o
                0x08003130                USBH_CDC_LineCodingChanged
 .text.USBH_CDC_Process
                0x08003132      0x172 Middlewares\ST\STM32_USB_Host_Library\Class\CDC\Src\usbh_cdc.o
 .text.DeInitStateMachine
                0x080032a4       0x44 Middlewares\ST\STM32_USB_Host_Library\Core\Src\usbh_core.o
 .text.USBH_Init
                0x080032e8       0x2e Middlewares\ST\STM32_USB_Host_Library\Core\Src\usbh_core.o
                0x080032e8                USBH_Init
 .text.USBH_RegisterClass
                0x08003316       0x1a Middlewares\ST\STM32_USB_Host_Library\Core\Src\usbh_core.o
                0x08003316                USBH_RegisterClass
 .text.USBH_SelectInterface
                0x08003330       0x12 Middlewares\ST\STM32_USB_Host_Library\Core\Src\usbh_core.o
                0x08003330                USBH_SelectInterface
 .text.USBH_FindInterface
                0x08003342       0x3a Middlewares\ST\STM32_USB_Host_Library\Core\Src\usbh_core.o
                0x08003342                USBH_FindInterface
 .text.USBH_Start
                0x0800337c       0x14 Middlewares\ST\STM32_USB_Host_Library\Core\Src\usbh_core.o
                0x0800337c                USBH_Start
 .text.USBH_Process
                0x08003390      0x28a Middlewares\ST\STM32_USB_Host_Library\Core\Src\usbh_core.o
                0x08003390                USBH_Process
 .text.USBH_LL_SetTimer
                0x0800361a        0x6 Middlewares\ST\STM32_USB_Host_Library\Core\Src\usbh_core.o
                0x0800361a                USBH_LL_SetTimer
 .text.USBH_LL_IncTimer
                0x08003620       0x1c Middlewares\ST\STM32_USB_Host_Library\Core\Src\usbh_core.o
                0x08003620                USBH_LL_IncTimer
 .text.USBH_LL_PortEnabled
                0x0800363c        0x8 Middlewares\ST\STM32_USB_Host_Library\Core\Src\usbh_core.o
                0x0800363c                USBH_LL_PortEnabled
 .text.USBH_LL_PortDisabled
                0x08003644        0x8 Middlewares\ST\STM32_USB_Host_Library\Core\Src\usbh_core.o
                0x08003644                USBH_LL_PortDisabled
 .text.USBH_LL_Connect
                0x0800364c       0x28 Middlewares\ST\STM32_USB_Host_Library\Core\Src\usbh_core.o
                0x0800364c                USBH_LL_Connect
 .text.USBH_LL_Disconnect
                0x08003674       0x38 Middlewares\ST\STM32_USB_Host_Library\Core\Src\usbh_core.o
                0x08003674                USBH_LL_Disconnect
 .text.USBH_CtlReq
                0x080036ac      0x182 Middlewares\ST\STM32_USB_Host_Library\Core\Src\usbh_ctlreq.o
                0x080036ac                USBH_CtlReq
 .text.USBH_GetDescriptor
                0x0800382e       0x38 Middlewares\ST\STM32_USB_Host_Library\Core\Src\usbh_ctlreq.o
                0x0800382e                USBH_GetDescriptor
 .text.USBH_Get_DevDesc
                0x08003866       0x90 Middlewares\ST\STM32_USB_Host_Library\Core\Src\usbh_ctlreq.o
                0x08003866                USBH_Get_DevDesc
 .text.USBH_Get_CfgDesc
                0x080038f6      0x11c Middlewares\ST\STM32_USB_Host_Library\Core\Src\usbh_ctlreq.o
                0x080038f6                USBH_Get_CfgDesc
 .text.USBH_Get_StringDesc
                0x08003a12       0x4e Middlewares\ST\STM32_USB_Host_Library\Core\Src\usbh_ctlreq.o
                0x08003a12                USBH_Get_StringDesc
 .text.USBH_SetAddress
                0x08003a60       0x1c Middlewares\ST\STM32_USB_Host_Library\Core\Src\usbh_ctlreq.o
                0x08003a60                USBH_SetAddress
 .text.USBH_SetCfg
                0x08003a7c       0x1c Middlewares\ST\STM32_USB_Host_Library\Core\Src\usbh_ctlreq.o
                0x08003a7c                USBH_SetCfg
 .text.USBH_SetFeature
                0x08003a98       0x1c Middlewares\ST\STM32_USB_Host_Library\Core\Src\usbh_ctlreq.o
                0x08003a98                USBH_SetFeature
 .text.USBH_ClrFeature
                0x08003ab4       0x1c Middlewares\ST\STM32_USB_Host_Library\Core\Src\usbh_ctlreq.o
                0x08003ab4                USBH_ClrFeature
 .text.USBH_CtlSendSetup
                0x08003ad0       0x22 Middlewares\ST\STM32_USB_Host_Library\Core\Src\usbh_ioreq.o
                0x08003ad0                USBH_CtlSendSetup
 .text.USBH_CtlSendData
                0x08003af2       0x2e Middlewares\ST\STM32_USB_Host_Library\Core\Src\usbh_ioreq.o
                0x08003af2                USBH_CtlSendData
 .text.USBH_CtlReceiveData
                0x08003b20       0x20 Middlewares\ST\STM32_USB_Host_Library\Core\Src\usbh_ioreq.o
                0x08003b20                USBH_CtlReceiveData
 .text.USBH_BulkSendData
                0x08003b40       0x2e Middlewares\ST\STM32_USB_Host_Library\Core\Src\usbh_ioreq.o
                0x08003b40                USBH_BulkSendData
 .text.USBH_BulkReceiveData
                0x08003b6e       0x20 Middlewares\ST\STM32_USB_Host_Library\Core\Src\usbh_ioreq.o
                0x08003b6e                USBH_BulkReceiveData
 .text.USBH_OpenPipe
                0x08003b8e       0x1e Middlewares\ST\STM32_USB_Host_Library\Core\Src\usbh_pipes.o
                0x08003b8e                USBH_OpenPipe
 .text.USBH_ClosePipe
                0x08003bac        0xa Middlewares\ST\STM32_USB_Host_Library\Core\Src\usbh_pipes.o
                0x08003bac                USBH_ClosePipe
 .text.USBH_AllocPipe
                0x08003bb6       0x2e Middlewares\ST\STM32_USB_Host_Library\Core\Src\usbh_pipes.o
                0x08003bb6                USBH_AllocPipe
 .text.USBH_FreePipe
                0x08003be4       0x18 Middlewares\ST\STM32_USB_Host_Library\Core\Src\usbh_pipes.o
                0x08003be4                USBH_FreePipe
 .text.MX_GPIO_Init
                0x08003bfc      0x180 Src\gpio.o
                0x08003bfc                MX_GPIO_Init
 .text.MX_I2C1_Init
                0x08003d7c       0x40 Src\i2c.o
                0x08003d7c                MX_I2C1_Init
 .text.HAL_I2C_MspInit
                0x08003dbc       0x70 Src\i2c.o
                0x08003dbc                HAL_I2C_MspInit
 .text.MX_I2S3_Init
                0x08003e2c       0x3c Src\i2s.o
                0x08003e2c                MX_I2S3_Init
 .text.HAL_I2S_MspInit
                0x08003e68       0x94 Src\i2s.o
                0x08003e68                HAL_I2S_MspInit
 .text.micros   0x08003efc       0x2c Src\main.o
                0x08003efc                micros
 .text.HAL_GPIO_EXTI_Callback
                0x08003f28       0x4c Src\main.o
                0x08003f28                HAL_GPIO_EXTI_Callback
 .text.TEST1    0x08003f74      0x194 Src\main.o
                0x08003f74                TEST1
 .text.SystemClock_Config
                0x08004108       0xb4 Src\main.o
                0x08004108                SystemClock_Config
 .text.startup.main
                0x080041bc      0x19c Src\main.o
                0x080041bc                main
 .text.HAL_UART_RxCpltCallback
                0x08004358       0x20 Src\main.o
                0x08004358                HAL_UART_RxCpltCallback
 .text.Error_Handler
                0x08004378        0x2 Src\main.o
                0x08004378                Error_Handler
 *fill*         0x0800437a        0x2 
 .text.MX_SPI1_Init
                0x0800437c       0x44 Src\spi.o
                0x0800437c                MX_SPI1_Init
 .text.HAL_SPI_MspInit
                0x080043c0       0x68 Src\spi.o
                0x080043c0                HAL_SPI_MspInit
 .text.HAL_MspInit
                0x08004428       0x40 Src\stm32f4xx_hal_msp.o
                0x08004428                HAL_MspInit
 .text.NMI_Handler
                0x08004468        0x2 Src\stm32f4xx_it.o
                0x08004468                NMI_Handler
 .text.HardFault_Handler
                0x0800446a        0x2 Src\stm32f4xx_it.o
                0x0800446a                HardFault_Handler
 .text.MemManage_Handler
                0x0800446c        0x2 Src\stm32f4xx_it.o
                0x0800446c                MemManage_Handler
 .text.BusFault_Handler
                0x0800446e        0x2 Src\stm32f4xx_it.o
                0x0800446e                BusFault_Handler
 .text.UsageFault_Handler
                0x08004470        0x2 Src\stm32f4xx_it.o
                0x08004470                UsageFault_Handler
 .text.SVC_Handler
                0x08004472        0x2 Src\stm32f4xx_it.o
                0x08004472                SVC_Handler
 .text.DebugMon_Handler
                0x08004474        0x2 Src\stm32f4xx_it.o
                0x08004474                DebugMon_Handler
 .text.PendSV_Handler
                0x08004476        0x2 Src\stm32f4xx_it.o
                0x08004476                PendSV_Handler
 .text.SysTick_Handler
                0x08004478        0x4 Src\stm32f4xx_it.o
                0x08004478                SysTick_Handler
 .text.EXTI1_IRQHandler
                0x0800447c        0x6 Src\stm32f4xx_it.o
                0x0800447c                EXTI1_IRQHandler
 *fill*         0x08004482        0x2 
 .text.USART3_IRQHandler
                0x08004484        0xc Src\stm32f4xx_it.o
                0x08004484                USART3_IRQHandler
 .text.OTG_FS_IRQHandler
                0x08004490        0xc Src\stm32f4xx_it.o
                0x08004490                OTG_FS_IRQHandler
 .text._sbrk    0x0800449c       0x34 Src\syscalls.o
                0x0800449c                _sbrk
 .text.SystemInit
                0x080044d0       0x1c Src\system_stm32f4xx.o
                0x080044d0                SystemInit
 .text.HAL_TIM_Base_MspInit
                0x080044ec       0x78 Src\tim.o
                0x080044ec                HAL_TIM_Base_MspInit
 .text.HAL_TIM_MspPostInit
                0x08004564       0xf0 Src\tim.o
                0x08004564                HAL_TIM_MspPostInit
 .text.MX_TIM1_Init
                0x08004654       0xd8 Src\tim.o
                0x08004654                MX_TIM1_Init
 .text.MX_TIM3_Init
                0x0800472c       0xd0 Src\tim.o
                0x0800472c                MX_TIM3_Init
 .text.MX_TIM12_Init
                0x080047fc       0xa4 Src\tim.o
                0x080047fc                MX_TIM12_Init
 .text.MX_USART2_UART_Init
                0x080048a0       0x38 Src\usart.o
                0x080048a0                MX_USART2_UART_Init
 .text.MX_USART3_UART_Init
                0x080048d8       0x38 Src\usart.o
                0x080048d8                MX_USART3_UART_Init
 .text.HAL_UART_MspInit
                0x08004910       0xf0 Src\usart.o
                0x08004910                HAL_UART_MspInit
 .text.USBH_UserProcess
                0x08004a00       0x24 Src\usb_host.o
 .text.MX_USB_HOST_Init
                0x08004a24       0x40 Src\usb_host.o
                0x08004a24                MX_USB_HOST_Init
 .text.MX_USB_HOST_Process
                0x08004a64        0xc Src\usb_host.o
                0x08004a64                MX_USB_HOST_Process
 .text.HAL_HCD_MspInit
                0x08004a70       0x90 Src\usbh_conf.o
                0x08004a70                HAL_HCD_MspInit
 .text.HAL_HCD_SOF_Callback
                0x08004b00        0x8 Src\usbh_conf.o
                0x08004b00                HAL_HCD_SOF_Callback
 .text.HAL_HCD_Connect_Callback
                0x08004b08        0x8 Src\usbh_conf.o
                0x08004b08                HAL_HCD_Connect_Callback
 .text.HAL_HCD_Disconnect_Callback
                0x08004b10        0x8 Src\usbh_conf.o
                0x08004b10                HAL_HCD_Disconnect_Callback
 .text.HAL_HCD_HC_NotifyURBChange_Callback
                0x08004b18        0x2 Src\usbh_conf.o
                0x08004b18                HAL_HCD_HC_NotifyURBChange_Callback
 .text.HAL_HCD_PortEnabled_Callback
                0x08004b1a        0x8 Src\usbh_conf.o
                0x08004b1a                HAL_HCD_PortEnabled_Callback
 .text.HAL_HCD_PortDisabled_Callback
                0x08004b22        0x8 Src\usbh_conf.o
                0x08004b22                HAL_HCD_PortDisabled_Callback
 *fill*         0x08004b2a        0x2 
 .text.USBH_LL_Init
                0x08004b2c       0x4c Src\usbh_conf.o
                0x08004b2c                USBH_LL_Init
 .text.USBH_LL_Start
                0x08004b78       0x1c Src\usbh_conf.o
                0x08004b78                USBH_LL_Start
 .text.USBH_LL_Stop
                0x08004b94       0x1c Src\usbh_conf.o
                0x08004b94                USBH_LL_Stop
 .text.USBH_LL_GetSpeed
                0x08004bb0       0x1c Src\usbh_conf.o
                0x08004bb0                USBH_LL_GetSpeed
 .text.USBH_LL_ResetPort
                0x08004bcc       0x1c Src\usbh_conf.o
                0x08004bcc                USBH_LL_ResetPort
 .text.USBH_LL_GetLastXferSize
                0x08004be8        0x8 Src\usbh_conf.o
                0x08004be8                USBH_LL_GetLastXferSize
 .text.USBH_LL_OpenPipe
                0x08004bf0       0x30 Src\usbh_conf.o
                0x08004bf0                USBH_LL_OpenPipe
 .text.USBH_LL_ClosePipe
                0x08004c20       0x1c Src\usbh_conf.o
                0x08004c20                USBH_LL_ClosePipe
 .text.USBH_LL_SubmitURB
                0x08004c3c       0x34 Src\usbh_conf.o
                0x08004c3c                USBH_LL_SubmitURB
 .text.USBH_LL_GetURBState
                0x08004c70        0x8 Src\usbh_conf.o
                0x08004c70                USBH_LL_GetURBState
 .text.USBH_LL_DriverVBUS
                0x08004c78       0x1a Src\usbh_conf.o
                0x08004c78                USBH_LL_DriverVBUS
 .text.USBH_LL_SetToggle
                0x08004c92       0x1e Src\usbh_conf.o
                0x08004c92                USBH_LL_SetToggle
 .text.USBH_Delay
                0x08004cb0        0x4 Src\usbh_conf.o
                0x08004cb0                USBH_Delay
 .text.MX_DriverVbusFS
                0x08004cb4       0x14 Src\usbh_platform.o
                0x08004cb4                MX_DriverVbusFS
 .text.Reset_Handler
                0x08004cc8       0x50 startup\startup_stm32f407xx.o
                0x08004cc8                Reset_Handler
 .text.Default_Handler
                0x08004d18        0x2 startup\startup_stm32f407xx.o
                0x08004d18                RTC_Alarm_IRQHandler
                0x08004d18                HASH_RNG_IRQHandler
                0x08004d18                EXTI2_IRQHandler
                0x08004d18                TIM8_CC_IRQHandler
                0x08004d18                TIM1_CC_IRQHandler
                0x08004d18                DMA2_Stream5_IRQHandler
                0x08004d18                DMA1_Stream5_IRQHandler
                0x08004d18                PVD_IRQHandler
                0x08004d18                SDIO_IRQHandler
                0x08004d18                TAMP_STAMP_IRQHandler
                0x08004d18                CAN2_RX1_IRQHandler
                0x08004d18                EXTI3_IRQHandler
                0x08004d18                TIM8_TRG_COM_TIM14_IRQHandler
                0x08004d18                TIM1_UP_TIM10_IRQHandler
                0x08004d18                TIM8_UP_TIM13_IRQHandler
                0x08004d18                I2C3_ER_IRQHandler
                0x08004d18                EXTI0_IRQHandler
                0x08004d18                I2C2_EV_IRQHandler
                0x08004d18                DMA1_Stream2_IRQHandler
                0x08004d18                CAN1_RX0_IRQHandler
                0x08004d18                FPU_IRQHandler
                0x08004d18                OTG_HS_WKUP_IRQHandler
                0x08004d18                CAN2_SCE_IRQHandler
                0x08004d18                DMA2_Stream2_IRQHandler
                0x08004d18                SPI1_IRQHandler
                0x08004d18                TIM6_DAC_IRQHandler
                0x08004d18                TIM1_BRK_TIM9_IRQHandler
                0x08004d18                DCMI_IRQHandler
                0x08004d18                CAN2_RX0_IRQHandler
                0x08004d18                DMA2_Stream3_IRQHandler
                0x08004d18                USART6_IRQHandler
                0x08004d18                CAN1_RX1_IRQHandler
                0x08004d18                UART5_IRQHandler
                0x08004d18                DMA2_Stream0_IRQHandler
                0x08004d18                TIM4_IRQHandler
                0x08004d18                I2C1_EV_IRQHandler
                0x08004d18                DMA1_Stream6_IRQHandler
                0x08004d18                DMA1_Stream1_IRQHandler
                0x08004d18                UART4_IRQHandler
                0x08004d18                TIM3_IRQHandler
                0x08004d18                RCC_IRQHandler
                0x08004d18                TIM8_BRK_TIM12_IRQHandler
                0x08004d18                Default_Handler
                0x08004d18                EXTI15_10_IRQHandler
                0x08004d18                ADC_IRQHandler
                0x08004d18                DMA1_Stream7_IRQHandler
                0x08004d18                TIM7_IRQHandler
                0x08004d18                CAN2_TX_IRQHandler
                0x08004d18                TIM5_IRQHandler
                0x08004d18                DMA2_Stream7_IRQHandler
                0x08004d18                I2C3_EV_IRQHandler
                0x08004d18                EXTI9_5_IRQHandler
                0x08004d18                RTC_WKUP_IRQHandler
                0x08004d18                ETH_WKUP_IRQHandler
                0x08004d18                SPI2_IRQHandler
                0x08004d18                OTG_HS_EP1_IN_IRQHandler
                0x08004d18                DMA1_Stream0_IRQHandler
                0x08004d18                CAN1_TX_IRQHandler
                0x08004d18                EXTI4_IRQHandler
                0x08004d18                FSMC_IRQHandler
                0x08004d18                ETH_IRQHandler
                0x08004d18                OTG_HS_EP1_OUT_IRQHandler
                0x08004d18                WWDG_IRQHandler
                0x08004d18                TIM2_IRQHandler
                0x08004d18                OTG_FS_WKUP_IRQHandler
                0x08004d18                TIM1_TRG_COM_TIM11_IRQHandler
                0x08004d18                OTG_HS_IRQHandler
                0x08004d18                USART2_IRQHandler
                0x08004d18                I2C2_ER_IRQHandler
                0x08004d18                DMA2_Stream1_IRQHandler
                0x08004d18                CAN1_SCE_IRQHandler
                0x08004d18                FLASH_IRQHandler
                0x08004d18                DMA2_Stream4_IRQHandler
                0x08004d18                USART1_IRQHandler
                0x08004d18                SPI3_IRQHandler
                0x08004d18                DMA1_Stream4_IRQHandler
                0x08004d18                I2C1_ER_IRQHandler
                0x08004d18                DMA2_Stream6_IRQHandler
                0x08004d18                DMA1_Stream3_IRQHandler
 *fill*         0x08004d1a        0x2 
 .text.__errno  0x08004d1c        0xc c:/program files (x86)/atollic/truestudio for stm32 9.3.0/armtools/bin/../lib/gcc/arm-atollic-eabi/6.3.1/../../../../arm-atollic-eabi/lib/armv7e-m/fpu\libc_nano.a(lib_a-errno.o)
                0x08004d1c                __errno
 .text.__libc_init_array
                0x08004d28       0x48 c:/program files (x86)/atollic/truestudio for stm32 9.3.0/armtools/bin/../lib/gcc/arm-atollic-eabi/6.3.1/../../../../arm-atollic-eabi/lib/armv7e-m/fpu\libc_nano.a(lib_a-init.o)
                0x08004d28                __libc_init_array
 .text.malloc   0x08004d70       0x10 c:/program files (x86)/atollic/truestudio for stm32 9.3.0/armtools/bin/../lib/gcc/arm-atollic-eabi/6.3.1/../../../../arm-atollic-eabi/lib/armv7e-m/fpu\libc_nano.a(lib_a-malloc.o)
                0x08004d70                malloc
 .text.free     0x08004d80       0x10 c:/program files (x86)/atollic/truestudio for stm32 9.3.0/armtools/bin/../lib/gcc/arm-atollic-eabi/6.3.1/../../../../arm-atollic-eabi/lib/armv7e-m/fpu\libc_nano.a(lib_a-malloc.o)
                0x08004d80                free
 .text.memset   0x08004d90       0x10 c:/program files (x86)/atollic/truestudio for stm32 9.3.0/armtools/bin/../lib/gcc/arm-atollic-eabi/6.3.1/../../../../arm-atollic-eabi/lib/armv7e-m/fpu\libc_nano.a(lib_a-memset.o)
                0x08004d90                memset
 .text._free_r  0x08004da0       0x9c c:/program files (x86)/atollic/truestudio for stm32 9.3.0/armtools/bin/../lib/gcc/arm-atollic-eabi/6.3.1/../../../../arm-atollic-eabi/lib/armv7e-m/fpu\libc_nano.a(lib_a-nano-freer.o)
                0x08004da0                _free_r
 .text._malloc_r
                0x08004e3c       0xbc c:/program files (x86)/atollic/truestudio for stm32 9.3.0/armtools/bin/../lib/gcc/arm-atollic-eabi/6.3.1/../../../../arm-atollic-eabi/lib/armv7e-m/fpu\libc_nano.a(lib_a-nano-mallocr.o)
                0x08004e3c                _malloc_r
 .text._sbrk_r  0x08004ef8       0x20 c:/program files (x86)/atollic/truestudio for stm32 9.3.0/armtools/bin/../lib/gcc/arm-atollic-eabi/6.3.1/../../../../arm-atollic-eabi/lib/armv7e-m/fpu\libc_nano.a(lib_a-sbrkr.o)
                0x08004ef8                _sbrk_r
 .text.__malloc_lock
                0x08004f18        0x2 c:/program files (x86)/atollic/truestudio for stm32 9.3.0/armtools/bin/../lib/gcc/arm-atollic-eabi/6.3.1/../../../../arm-atollic-eabi/lib/armv7e-m/fpu\libc_nano.a(lib_a-mlock.o)
                0x08004f18                __malloc_lock
 .text.__malloc_unlock
                0x08004f1a        0x2 c:/program files (x86)/atollic/truestudio for stm32 9.3.0/armtools/bin/../lib/gcc/arm-atollic-eabi/6.3.1/../../../../arm-atollic-eabi/lib/armv7e-m/fpu\libc_nano.a(lib_a-mlock.o)
                0x08004f1a                __malloc_unlock
 *(.glue_7)
 .glue_7        0x08004f1c        0x0 linker stubs
 *(.glue_7t)
 .glue_7t       0x08004f1c        0x0 linker stubs
 *(.eh_frame)
 .eh_frame      0x08004f1c        0x0 c:/program files (x86)/atollic/truestudio for stm32 9.3.0/armtools/bin/../lib/gcc/arm-atollic-eabi/6.3.1/armv7e-m/fpu/crtbegin.o
 *(.init)
 .init          0x08004f1c        0x4 c:/program files (x86)/atollic/truestudio for stm32 9.3.0/armtools/bin/../lib/gcc/arm-atollic-eabi/6.3.1/armv7e-m/fpu/crti.o
                0x08004f1c                _init
 .init          0x08004f20        0x8 c:/program files (x86)/atollic/truestudio for stm32 9.3.0/armtools/bin/../lib/gcc/arm-atollic-eabi/6.3.1/armv7e-m/fpu/crtn.o
 *(.fini)
 .fini          0x08004f28        0x4 c:/program files (x86)/atollic/truestudio for stm32 9.3.0/armtools/bin/../lib/gcc/arm-atollic-eabi/6.3.1/armv7e-m/fpu/crti.o
                0x08004f28                _fini
 .fini          0x08004f2c        0x8 c:/program files (x86)/atollic/truestudio for stm32 9.3.0/armtools/bin/../lib/gcc/arm-atollic-eabi/6.3.1/armv7e-m/fpu/crtn.o
                0x08004f34                . = ALIGN (0x4)
                0x08004f34                _etext = .

.vfp11_veneer   0x08004f34        0x0
 .vfp11_veneer  0x08004f34        0x0 linker stubs

.v4_bx          0x08004f34        0x0
 .v4_bx         0x08004f34        0x0 linker stubs

.iplt           0x08004f34        0x0
 .iplt          0x08004f34        0x0 c:/program files (x86)/atollic/truestudio for stm32 9.3.0/armtools/bin/../lib/gcc/arm-atollic-eabi/6.3.1/armv7e-m/fpu/crtbegin.o

.rodata         0x08004f34       0x24
                0x08004f34                . = ALIGN (0x4)
 *(.rodata)
 *(.rodata*)
 .rodata.str1.1
                0x08004f34        0x4 Middlewares\ST\STM32_USB_Host_Library\Class\CDC\Src\usbh_cdc.o
 .rodata.AHBPrescTable
                0x08004f38       0x10 Src\system_stm32f4xx.o
                0x08004f38                AHBPrescTable
 .rodata.APBPrescTable
                0x08004f48        0x8 Src\system_stm32f4xx.o
                0x08004f48                APBPrescTable
 .rodata.CSWTCH.14
                0x08004f50        0x3 Src\usbh_conf.o
 .rodata.CSWTCH.22
                0x08004f53        0x4 Src\usbh_conf.o
                0x08004f58                . = ALIGN (0x4)
 *fill*         0x08004f57        0x1 

.ARM.extab
 *(.ARM.extab* .gnu.linkonce.armextab.*)

.ARM            0x08004f58        0x8
                0x08004f58                __exidx_start = .
 *(.ARM.exidx*)
 .ARM.exidx     0x08004f58        0x8 c:/program files (x86)/atollic/truestudio for stm32 9.3.0/armtools/bin/../lib/gcc/arm-atollic-eabi/6.3.1/armv7e-m/fpu\libgcc.a(_udivmoddi4.o)
                0x08004f60                __exidx_end = .

.rel.dyn        0x08004f60        0x0
 .rel.iplt      0x08004f60        0x0 c:/program files (x86)/atollic/truestudio for stm32 9.3.0/armtools/bin/../lib/gcc/arm-atollic-eabi/6.3.1/armv7e-m/fpu/crtbegin.o

.preinit_array  0x08004f60        0x0
                0x08004f60                PROVIDE (__preinit_array_start, .)
 *(.preinit_array*)
                0x08004f60                PROVIDE (__preinit_array_end, .)

.init_array     0x08004f60        0x4
                0x08004f60                PROVIDE (__init_array_start, .)
 *(SORT(.init_array.*))
 *(.init_array*)
 .init_array    0x08004f60        0x4 c:/program files (x86)/atollic/truestudio for stm32 9.3.0/armtools/bin/../lib/gcc/arm-atollic-eabi/6.3.1/armv7e-m/fpu/crtbegin.o
                0x08004f64                PROVIDE (__init_array_end, .)

.fini_array     0x08004f64        0x4
                [!provide]                PROVIDE (__fini_array_start, .)
 *(SORT(.fini_array.*))
 *(.fini_array*)
 .fini_array    0x08004f64        0x4 c:/program files (x86)/atollic/truestudio for stm32 9.3.0/armtools/bin/../lib/gcc/arm-atollic-eabi/6.3.1/armv7e-m/fpu/crtbegin.o
                [!provide]                PROVIDE (__fini_array_end, .)
                0x08004f68                _sidata = LOADADDR (.data)

.data           0x20000000       0xac load address 0x08004f68
                0x20000000                . = ALIGN (0x4)
                0x20000000                _sdata = .
 *(.data)
 *(.data*)
 .data.uwTickFreq
                0x20000000        0x1 Drivers\STM32F4xx_HAL_Driver\Src\stm32f4xx_hal.o
                0x20000000                uwTickFreq
 *fill*         0x20000001        0x3 
 .data.uwTickPrio
                0x20000004        0x4 Drivers\STM32F4xx_HAL_Driver\Src\stm32f4xx_hal.o
                0x20000004                uwTickPrio
 .data.CDC_Class
                0x20000008       0x20 Middlewares\ST\STM32_USB_Host_Library\Class\CDC\Src\usbh_cdc.o
                0x20000008                CDC_Class
 .data.go_left  0x20000028        0x1 Src\main.o
                0x20000028                go_left
 .data.go_right
                0x20000029        0x1 Src\main.o
                0x20000029                go_right
 *fill*         0x2000002a        0x2 
 .data.mode     0x2000002c       0x14 Src\main.o
                0x2000002c                mode
 .data.turn_right_go
                0x20000040        0x1 Src\main.o
                0x20000040                turn_right_go
 .data.turn_right_stop
                0x20000041        0x1 Src\main.o
                0x20000041                turn_right_stop
 *fill*         0x20000042        0x2 
 .data.SystemCoreClock
                0x20000044        0x4 Src\system_stm32f4xx.o
                0x20000044                SystemCoreClock
 .data._impure_ptr
                0x20000048        0x4 c:/program files (x86)/atollic/truestudio for stm32 9.3.0/armtools/bin/../lib/gcc/arm-atollic-eabi/6.3.1/../../../../arm-atollic-eabi/lib/armv7e-m/fpu\libc_nano.a(lib_a-impure.o)
                0x20000048                _impure_ptr
 .data.impure_data
                0x2000004c       0x60 c:/program files (x86)/atollic/truestudio for stm32 9.3.0/armtools/bin/../lib/gcc/arm-atollic-eabi/6.3.1/../../../../arm-atollic-eabi/lib/armv7e-m/fpu\libc_nano.a(lib_a-impure.o)
                0x200000ac                . = ALIGN (0x4)
                0x200000ac                _edata = .
                0x08005014                _siccmram = LOADADDR (.ccmram)

.igot.plt       0x200000ac        0x0 load address 0x08005014
 .igot.plt      0x200000ac        0x0 c:/program files (x86)/atollic/truestudio for stm32 9.3.0/armtools/bin/../lib/gcc/arm-atollic-eabi/6.3.1/armv7e-m/fpu/crtbegin.o

.ccmram         0x10000000        0x0 load address 0x08005014
                0x10000000                . = ALIGN (0x4)
                0x10000000                _sccmram = .
 *(.ccmram)
 *(.ccmram*)
                0x10000000                . = ALIGN (0x4)
                0x10000000                _eccmram = .
                0x10000000                . = ALIGN (0x4)

.bss            0x200000ac      0x968
                0x200000ac                _sbss = .
                0x200000ac                __bss_start__ = _sbss
 *(.bss)
 .bss           0x200000ac       0x1c c:/program files (x86)/atollic/truestudio for stm32 9.3.0/armtools/bin/../lib/gcc/arm-atollic-eabi/6.3.1/armv7e-m/fpu/crtbegin.o
 *(.bss*)
 .bss.tmpreg.8918
                0x200000c8        0x4 Drivers\STM32F4xx_HAL_Driver\Src\stm32f4xx_ll_usb.o
 .bss.distance_flag
                0x200000cc        0x1 Src\main.o
                0x200000cc                distance_flag
 *fill*         0x200000cd        0x3 
 .bss.grab_mode
                0x200000d0        0x4 Src\main.o
                0x200000d0                grab_mode
 .bss.rx3_data  0x200000d4        0x1 Src\main.o
                0x200000d4                rx3_data
 *fill*         0x200000d5        0x3 
 .bss.ss.8719   0x200000d8        0x4 Src\main.o
 .bss.uwTick    0x200000dc        0x4 Src\main.o
                0x200000dc                uwTick
 .bss.heap_end.7010
                0x200000e0        0x4 Src\syscalls.o
 .bss.Appli_state
                0x200000e4        0x1 Src\usb_host.o
                0x200000e4                Appli_state
 *fill*         0x200000e5        0x3 
 .bss.__malloc_free_list
                0x200000e8        0x4 c:/program files (x86)/atollic/truestudio for stm32 9.3.0/armtools/bin/../lib/gcc/arm-atollic-eabi/6.3.1/../../../../arm-atollic-eabi/lib/armv7e-m/fpu\libc_nano.a(lib_a-nano-mallocr.o)
                0x200000e8                __malloc_free_list
 .bss.__malloc_sbrk_start
                0x200000ec        0x4 c:/program files (x86)/atollic/truestudio for stm32 9.3.0/armtools/bin/../lib/gcc/arm-atollic-eabi/6.3.1/../../../../arm-atollic-eabi/lib/armv7e-m/fpu\libc_nano.a(lib_a-nano-mallocr.o)
                0x200000ec                __malloc_sbrk_start
 *(COMMON)
 COMMON         0x200000f0       0x54 Src\i2c.o
                0x200000f0                hi2c1
 COMMON         0x20000144       0x48 Src\i2s.o
                0x20000144                hi2s3
 COMMON         0x2000018c       0x5c Src\main.o
                0x2000018c                MOTOR_PWM
                0x200001a0                response
                0x200001a4                distance
                0x200001a8                direction
                0x200001ac                MOTOR_PWM_MAX
                0x200001c0                MOTOR_PWM_MIN
                0x200001d4                MOTOR_PWM_MEAN
 COMMON         0x200001e8       0x58 Src\spi.o
                0x200001e8                hspi1
 COMMON         0x20000240       0xc0 Src\tim.o
                0x20000240                htim3
                0x20000280                htim1
                0x200002c0                htim12
 COMMON         0x20000300       0x80 Src\usart.o
                0x20000300                huart3
                0x20000340                huart2
 COMMON         0x20000380      0x3cc Src\usb_host.o
                0x20000380                hUsbHostFS
 COMMON         0x2000074c      0x2c4 Src\usbh_conf.o
                0x2000074c                hhcd_USB_OTG_FS
 COMMON         0x20000a10        0x4 c:/program files (x86)/atollic/truestudio for stm32 9.3.0/armtools/bin/../lib/gcc/arm-atollic-eabi/6.3.1/../../../../arm-atollic-eabi/lib/armv7e-m/fpu\libc_nano.a(lib_a-reent.o)
                0x20000a10                errno
                0x20000a14                . = ALIGN (0x4)
                0x20000a14                _ebss = .
                0x20000a14                __bss_end__ = _ebss

._user_heap_stack
                0x20000a14      0x600
                0x20000a14                . = ALIGN (0x4)
                0x20000a14                PROVIDE (end, .)
                [!provide]                PROVIDE (_end, .)
                0x20000c14                . = (. + _Min_Heap_Size)
 *fill*         0x20000a14      0x200 
                0x20001014                . = (. + _Min_Stack_Size)
 *fill*         0x20000c14      0x400 
                0x20001014                . = ALIGN (0x4)

/DISCARD/
 libc.a(*)
 libm.a(*)
 libgcc.a(*)

.ARM.attributes
                0x00000000       0x30
 *(.ARM.attributes)
 .ARM.attributes
                0x00000000       0x22 c:/program files (x86)/atollic/truestudio for stm32 9.3.0/armtools/bin/../lib/gcc/arm-atollic-eabi/6.3.1/armv7e-m/fpu/crti.o
 .ARM.attributes
                0x00000022       0x34 c:/program files (x86)/atollic/truestudio for stm32 9.3.0/armtools/bin/../lib/gcc/arm-atollic-eabi/6.3.1/armv7e-m/fpu/crtbegin.o
 .ARM.attributes
                0x00000056       0x39 Drivers\STM32F4xx_HAL_Driver\Src\stm32f4xx_hal.o
 .ARM.attributes
                0x0000008f       0x39 Drivers\STM32F4xx_HAL_Driver\Src\stm32f4xx_hal_cortex.o
 .ARM.attributes
                0x000000c8       0x39 Drivers\STM32F4xx_HAL_Driver\Src\stm32f4xx_hal_dma.o
 .ARM.attributes
                0x00000101       0x39 Drivers\STM32F4xx_HAL_Driver\Src\stm32f4xx_hal_gpio.o
 .ARM.attributes
                0x0000013a       0x39 Drivers\STM32F4xx_HAL_Driver\Src\stm32f4xx_hal_hcd.o
 .ARM.attributes
                0x00000173       0x39 Drivers\STM32F4xx_HAL_Driver\Src\stm32f4xx_hal_i2c.o
 .ARM.attributes
                0x000001ac       0x39 Drivers\STM32F4xx_HAL_Driver\Src\stm32f4xx_hal_i2s.o
 .ARM.attributes
                0x000001e5       0x39 Drivers\STM32F4xx_HAL_Driver\Src\stm32f4xx_hal_i2s_ex.o
 .ARM.attributes
                0x0000021e       0x39 Drivers\STM32F4xx_HAL_Driver\Src\stm32f4xx_hal_rcc.o
 .ARM.attributes
                0x00000257       0x39 Drivers\STM32F4xx_HAL_Driver\Src\stm32f4xx_hal_rcc_ex.o
 .ARM.attributes
                0x00000290       0x39 Drivers\STM32F4xx_HAL_Driver\Src\stm32f4xx_hal_spi.o
 .ARM.attributes
                0x000002c9       0x39 Drivers\STM32F4xx_HAL_Driver\Src\stm32f4xx_hal_tim.o
 .ARM.attributes
                0x00000302       0x39 Drivers\STM32F4xx_HAL_Driver\Src\stm32f4xx_hal_tim_ex.o
 .ARM.attributes
                0x0000033b       0x39 Drivers\STM32F4xx_HAL_Driver\Src\stm32f4xx_hal_uart.o
 .ARM.attributes
                0x00000374       0x39 Drivers\STM32F4xx_HAL_Driver\Src\stm32f4xx_ll_usb.o
 .ARM.attributes
                0x000003ad       0x39 Middlewares\ST\STM32_USB_Host_Library\Class\CDC\Src\usbh_cdc.o
 .ARM.attributes
                0x000003e6       0x39 Middlewares\ST\STM32_USB_Host_Library\Core\Src\usbh_core.o
 .ARM.attributes
                0x0000041f       0x39 Middlewares\ST\STM32_USB_Host_Library\Core\Src\usbh_ctlreq.o
 .ARM.attributes
                0x00000458       0x39 Middlewares\ST\STM32_USB_Host_Library\Core\Src\usbh_ioreq.o
 .ARM.attributes
                0x00000491       0x39 Middlewares\ST\STM32_USB_Host_Library\Core\Src\usbh_pipes.o
 .ARM.attributes
                0x000004ca       0x39 Src\gpio.o
 .ARM.attributes
                0x00000503       0x39 Src\i2c.o
 .ARM.attributes
                0x0000053c       0x39 Src\i2s.o
 .ARM.attributes
                0x00000575       0x39 Src\main.o
 .ARM.attributes
                0x000005ae       0x39 Src\spi.o
 .ARM.attributes
                0x000005e7       0x39 Src\stm32f4xx_hal_msp.o
 .ARM.attributes
                0x00000620       0x39 Src\stm32f4xx_it.o
 .ARM.attributes
                0x00000659       0x39 Src\syscalls.o
 .ARM.attributes
                0x00000692       0x39 Src\system_stm32f4xx.o
 .ARM.attributes
                0x000006cb       0x39 Src\tim.o
 .ARM.attributes
                0x00000704       0x39 Src\usart.o
 .ARM.attributes
                0x0000073d       0x39 Src\usb_host.o
 .ARM.attributes
                0x00000776       0x39 Src\usbh_conf.o
 .ARM.attributes
                0x000007af       0x39 Src\usbh_platform.o
 .ARM.attributes
                0x000007e8       0x21 startup\startup_stm32f407xx.o
 .ARM.attributes
                0x00000809       0x34 c:/program files (x86)/atollic/truestudio for stm32 9.3.0/armtools/bin/../lib/gcc/arm-atollic-eabi/6.3.1/../../../../arm-atollic-eabi/lib/armv7e-m/fpu\libc_nano.a(lib_a-errno.o)
 .ARM.attributes
                0x0000083d       0x34 c:/program files (x86)/atollic/truestudio for stm32 9.3.0/armtools/bin/../lib/gcc/arm-atollic-eabi/6.3.1/../../../../arm-atollic-eabi/lib/armv7e-m/fpu\libc_nano.a(lib_a-impure.o)
 .ARM.attributes
                0x00000871       0x34 c:/program files (x86)/atollic/truestudio for stm32 9.3.0/armtools/bin/../lib/gcc/arm-atollic-eabi/6.3.1/../../../../arm-atollic-eabi/lib/armv7e-m/fpu\libc_nano.a(lib_a-init.o)
 .ARM.attributes
                0x000008a5       0x34 c:/program files (x86)/atollic/truestudio for stm32 9.3.0/armtools/bin/../lib/gcc/arm-atollic-eabi/6.3.1/../../../../arm-atollic-eabi/lib/armv7e-m/fpu\libc_nano.a(lib_a-malloc.o)
 .ARM.attributes
                0x000008d9       0x34 c:/program files (x86)/atollic/truestudio for stm32 9.3.0/armtools/bin/../lib/gcc/arm-atollic-eabi/6.3.1/../../../../arm-atollic-eabi/lib/armv7e-m/fpu\libc_nano.a(lib_a-memset.o)
 .ARM.attributes
                0x0000090d       0x34 c:/program files (x86)/atollic/truestudio for stm32 9.3.0/armtools/bin/../lib/gcc/arm-atollic-eabi/6.3.1/../../../../arm-atollic-eabi/lib/armv7e-m/fpu\libc_nano.a(lib_a-nano-freer.o)
 .ARM.attributes
                0x00000941       0x34 c:/program files (x86)/atollic/truestudio for stm32 9.3.0/armtools/bin/../lib/gcc/arm-atollic-eabi/6.3.1/../../../../arm-atollic-eabi/lib/armv7e-m/fpu\libc_nano.a(lib_a-nano-mallocr.o)
 .ARM.attributes
                0x00000975       0x34 c:/program files (x86)/atollic/truestudio for stm32 9.3.0/armtools/bin/../lib/gcc/arm-atollic-eabi/6.3.1/../../../../arm-atollic-eabi/lib/armv7e-m/fpu\libc_nano.a(lib_a-sbrkr.o)
 .ARM.attributes
                0x000009a9       0x34 c:/program files (x86)/atollic/truestudio for stm32 9.3.0/armtools/bin/../lib/gcc/arm-atollic-eabi/6.3.1/../../../../arm-atollic-eabi/lib/armv7e-m/fpu\libc_nano.a(lib_a-mlock.o)
 .ARM.attributes
                0x000009dd       0x34 c:/program files (x86)/atollic/truestudio for stm32 9.3.0/armtools/bin/../lib/gcc/arm-atollic-eabi/6.3.1/../../../../arm-atollic-eabi/lib/armv7e-m/fpu\libc_nano.a(lib_a-reent.o)
 .ARM.attributes
                0x00000a11       0x22 c:/program files (x86)/atollic/truestudio for stm32 9.3.0/armtools/bin/../lib/gcc/arm-atollic-eabi/6.3.1/armv7e-m/fpu\libgcc.a(_aeabi_uldivmod.o)
 .ARM.attributes
                0x00000a33       0x34 c:/program files (x86)/atollic/truestudio for stm32 9.3.0/armtools/bin/../lib/gcc/arm-atollic-eabi/6.3.1/armv7e-m/fpu\libgcc.a(_udivmoddi4.o)
 .ARM.attributes
                0x00000a67       0x22 c:/program files (x86)/atollic/truestudio for stm32 9.3.0/armtools/bin/../lib/gcc/arm-atollic-eabi/6.3.1/armv7e-m/fpu\libgcc.a(_dvmd_tls.o)
 .ARM.attributes
                0x00000a89       0x22 c:/program files (x86)/atollic/truestudio for stm32 9.3.0/armtools/bin/../lib/gcc/arm-atollic-eabi/6.3.1/armv7e-m/fpu/crtn.o
OUTPUT(arm.elf elf32-littlearm)

.debug_info     0x00000000    0x27a5b
 .debug_info    0x00000000      0xa14 Drivers\STM32F4xx_HAL_Driver\Src\stm32f4xx_hal.o
 .debug_info    0x00000a14      0xf8a Drivers\STM32F4xx_HAL_Driver\Src\stm32f4xx_hal_cortex.o
 .debug_info    0x0000199e      0xa9d Drivers\STM32F4xx_HAL_Driver\Src\stm32f4xx_hal_dma.o
 .debug_info    0x0000243b      0x7c6 Drivers\STM32F4xx_HAL_Driver\Src\stm32f4xx_hal_gpio.o
 .debug_info    0x00002c01     0x12c4 Drivers\STM32F4xx_HAL_Driver\Src\stm32f4xx_hal_hcd.o
 .debug_info    0x00003ec5     0x3412 Drivers\STM32F4xx_HAL_Driver\Src\stm32f4xx_hal_i2c.o
 .debug_info    0x000072d7      0xfb3 Drivers\STM32F4xx_HAL_Driver\Src\stm32f4xx_hal_i2s.o
 .debug_info    0x0000828a      0xddc Drivers\STM32F4xx_HAL_Driver\Src\stm32f4xx_hal_i2s_ex.o
 .debug_info    0x00009066      0xaad Drivers\STM32F4xx_HAL_Driver\Src\stm32f4xx_hal_rcc.o
 .debug_info    0x00009b13      0x6b4 Drivers\STM32F4xx_HAL_Driver\Src\stm32f4xx_hal_rcc_ex.o
 .debug_info    0x0000a1c7     0x1deb Drivers\STM32F4xx_HAL_Driver\Src\stm32f4xx_hal_spi.o
 .debug_info    0x0000bfb2     0x3521 Drivers\STM32F4xx_HAL_Driver\Src\stm32f4xx_hal_tim.o
 .debug_info    0x0000f4d3     0x134f Drivers\STM32F4xx_HAL_Driver\Src\stm32f4xx_hal_tim_ex.o
 .debug_info    0x00010822     0x16b0 Drivers\STM32F4xx_HAL_Driver\Src\stm32f4xx_hal_uart.o
 .debug_info    0x00011ed2     0x1ba6 Drivers\STM32F4xx_HAL_Driver\Src\stm32f4xx_ll_usb.o
 .debug_info    0x00013a78     0x1f23 Middlewares\ST\STM32_USB_Host_Library\Class\CDC\Src\usbh_cdc.o
 .debug_info    0x0001599b     0x1b5a Middlewares\ST\STM32_USB_Host_Library\Core\Src\usbh_core.o
 .debug_info    0x000174f5     0x1b1e Middlewares\ST\STM32_USB_Host_Library\Core\Src\usbh_ctlreq.o
 .debug_info    0x00019013     0x16e7 Middlewares\ST\STM32_USB_Host_Library\Core\Src\usbh_ioreq.o
 .debug_info    0x0001a6fa     0x1349 Middlewares\ST\STM32_USB_Host_Library\Core\Src\usbh_pipes.o
 .debug_info    0x0001ba43      0x68e Src\gpio.o
 .debug_info    0x0001c0d1      0xa88 Src\i2c.o
 .debug_info    0x0001cb59      0xa8d Src\i2s.o
 .debug_info    0x0001d5e6     0x1cda Src\main.o
 .debug_info    0x0001f2c0      0xa62 Src\spi.o
 .debug_info    0x0001fd22      0x383 Src\stm32f4xx_hal_msp.o
 .debug_info    0x000200a5      0xb4c Src\stm32f4xx_it.o
 .debug_info    0x00020bf1      0xfe1 Src\syscalls.o
 .debug_info    0x00021bd2      0x55b Src\system_stm32f4xx.o
 .debug_info    0x0002212d     0x1101 Src\tim.o
 .debug_info    0x0002322e      0xd1a Src\usart.o
 .debug_info    0x00023f48     0x12e9 Src\usb_host.o
 .debug_info    0x00025231     0x2513 Src\usbh_conf.o
 .debug_info    0x00027744      0x2a4 Src\usbh_platform.o
 .debug_info    0x000279e8       0x73 startup\startup_stm32f407xx.o

.debug_abbrev   0x00000000     0x5851
 .debug_abbrev  0x00000000      0x239 Drivers\STM32F4xx_HAL_Driver\Src\stm32f4xx_hal.o
 .debug_abbrev  0x00000239      0x314 Drivers\STM32F4xx_HAL_Driver\Src\stm32f4xx_hal_cortex.o
 .debug_abbrev  0x0000054d      0x2e8 Drivers\STM32F4xx_HAL_Driver\Src\stm32f4xx_hal_dma.o
 .debug_abbrev  0x00000835      0x1ef Drivers\STM32F4xx_HAL_Driver\Src\stm32f4xx_hal_gpio.o
 .debug_abbrev  0x00000a24      0x319 Drivers\STM32F4xx_HAL_Driver\Src\stm32f4xx_hal_hcd.o
 .debug_abbrev  0x00000d3d      0x38a Drivers\STM32F4xx_HAL_Driver\Src\stm32f4xx_hal_i2c.o
 .debug_abbrev  0x000010c7      0x2a0 Drivers\STM32F4xx_HAL_Driver\Src\stm32f4xx_hal_i2s.o
 .debug_abbrev  0x00001367      0x301 Drivers\STM32F4xx_HAL_Driver\Src\stm32f4xx_hal_i2s_ex.o
 .debug_abbrev  0x00001668      0x2cb Drivers\STM32F4xx_HAL_Driver\Src\stm32f4xx_hal_rcc.o
 .debug_abbrev  0x00001933      0x172 Drivers\STM32F4xx_HAL_Driver\Src\stm32f4xx_hal_rcc_ex.o
 .debug_abbrev  0x00001aa5      0x335 Drivers\STM32F4xx_HAL_Driver\Src\stm32f4xx_hal_spi.o
 .debug_abbrev  0x00001dda      0x324 Drivers\STM32F4xx_HAL_Driver\Src\stm32f4xx_hal_tim.o
 .debug_abbrev  0x000020fe      0x29c Drivers\STM32F4xx_HAL_Driver\Src\stm32f4xx_hal_tim_ex.o
 .debug_abbrev  0x0000239a      0x313 Drivers\STM32F4xx_HAL_Driver\Src\stm32f4xx_hal_uart.o
 .debug_abbrev  0x000026ad      0x33b Drivers\STM32F4xx_HAL_Driver\Src\stm32f4xx_ll_usb.o
 .debug_abbrev  0x000029e8      0x3ca Middlewares\ST\STM32_USB_Host_Library\Class\CDC\Src\usbh_cdc.o
 .debug_abbrev  0x00002db2      0x3f9 Middlewares\ST\STM32_USB_Host_Library\Core\Src\usbh_core.o
 .debug_abbrev  0x000031ab      0x3cd Middlewares\ST\STM32_USB_Host_Library\Core\Src\usbh_ctlreq.o
 .debug_abbrev  0x00003578      0x280 Middlewares\ST\STM32_USB_Host_Library\Core\Src\usbh_ioreq.o
 .debug_abbrev  0x000037f8      0x2d5 Middlewares\ST\STM32_USB_Host_Library\Core\Src\usbh_pipes.o
 .debug_abbrev  0x00003acd      0x173 Src\gpio.o
 .debug_abbrev  0x00003c40      0x1eb Src\i2c.o
 .debug_abbrev  0x00003e2b      0x1eb Src\i2s.o
 .debug_abbrev  0x00004016      0x2f0 Src\main.o
 .debug_abbrev  0x00004306      0x1eb Src\spi.o
 .debug_abbrev  0x000044f1      0x12e Src\stm32f4xx_hal_msp.o
 .debug_abbrev  0x0000461f      0x207 Src\stm32f4xx_it.o
 .debug_abbrev  0x00004826      0x2d9 Src\syscalls.o
 .debug_abbrev  0x00004aff      0x126 Src\system_stm32f4xx.o
 .debug_abbrev  0x00004c25      0x239 Src\tim.o
 .debug_abbrev  0x00004e5e      0x20f Src\usart.o
 .debug_abbrev  0x0000506d      0x2b4 Src\usb_host.o
 .debug_abbrev  0x00005321      0x3f2 Src\usbh_conf.o
 .debug_abbrev  0x00005713      0x12c Src\usbh_platform.o
 .debug_abbrev  0x0000583f       0x12 startup\startup_stm32f407xx.o

.debug_loc      0x00000000    0x110d5
 .debug_loc     0x00000000      0x12e Drivers\STM32F4xx_HAL_Driver\Src\stm32f4xx_hal.o
 .debug_loc     0x0000012e      0x4fb Drivers\STM32F4xx_HAL_Driver\Src\stm32f4xx_hal_cortex.o
 .debug_loc     0x00000629      0x727 Drivers\STM32F4xx_HAL_Driver\Src\stm32f4xx_hal_dma.o
 .debug_loc     0x00000d50      0x357 Drivers\STM32F4xx_HAL_Driver\Src\stm32f4xx_hal_gpio.o
 .debug_loc     0x000010a7      0x9c1 Drivers\STM32F4xx_HAL_Driver\Src\stm32f4xx_hal_hcd.o
 .debug_loc     0x00001a68     0x3009 Drivers\STM32F4xx_HAL_Driver\Src\stm32f4xx_hal_i2c.o
 .debug_loc     0x00004a71      0x9bf Drivers\STM32F4xx_HAL_Driver\Src\stm32f4xx_hal_i2s.o
 .debug_loc     0x00005430      0x745 Drivers\STM32F4xx_HAL_Driver\Src\stm32f4xx_hal_i2s_ex.o
 .debug_loc     0x00005b75      0x346 Drivers\STM32F4xx_HAL_Driver\Src\stm32f4xx_hal_rcc.o
 .debug_loc     0x00005ebb      0x2cf Drivers\STM32F4xx_HAL_Driver\Src\stm32f4xx_hal_rcc_ex.o
 .debug_loc     0x0000618a     0x1830 Drivers\STM32F4xx_HAL_Driver\Src\stm32f4xx_hal_spi.o
 .debug_loc     0x000079ba     0x3009 Drivers\STM32F4xx_HAL_Driver\Src\stm32f4xx_hal_tim.o
 .debug_loc     0x0000a9c3      0xa7c Drivers\STM32F4xx_HAL_Driver\Src\stm32f4xx_hal_tim_ex.o
 .debug_loc     0x0000b43f     0x1350 Drivers\STM32F4xx_HAL_Driver\Src\stm32f4xx_hal_uart.o
 .debug_loc     0x0000c78f     0x1b55 Drivers\STM32F4xx_HAL_Driver\Src\stm32f4xx_ll_usb.o
 .debug_loc     0x0000e2e4      0x6dd Middlewares\ST\STM32_USB_Host_Library\Class\CDC\Src\usbh_cdc.o
 .debug_loc     0x0000e9c1      0x79a Middlewares\ST\STM32_USB_Host_Library\Core\Src\usbh_core.o
 .debug_loc     0x0000f15b      0x888 Middlewares\ST\STM32_USB_Host_Library\Core\Src\usbh_ctlreq.o
 .debug_loc     0x0000f9e3      0x57d Middlewares\ST\STM32_USB_Host_Library\Core\Src\usbh_ioreq.o
 .debug_loc     0x0000ff60      0x196 Middlewares\ST\STM32_USB_Host_Library\Core\Src\usbh_pipes.o
 .debug_loc     0x000100f6       0x58 Src\i2c.o
 .debug_loc     0x0001014e       0x58 Src\i2s.o
 .debug_loc     0x000101a6      0x112 Src\main.o
 .debug_loc     0x000102b8       0x58 Src\spi.o
 .debug_loc     0x00010310      0x3ef Src\syscalls.o
 .debug_loc     0x000106ff      0x11c Src\system_stm32f4xx.o
 .debug_loc     0x0001081b       0x50 Src\tim.o
 .debug_loc     0x0001086b       0x8a Src\usart.o
 .debug_loc     0x000108f5      0x794 Src\usbh_conf.o
 .debug_loc     0x00011089       0x4c Src\usbh_platform.o

.debug_aranges  0x00000000     0x1528
 .debug_aranges
                0x00000000       0xe8 Drivers\STM32F4xx_HAL_Driver\Src\stm32f4xx_hal.o
 .debug_aranges
                0x000000e8       0xa8 Drivers\STM32F4xx_HAL_Driver\Src\stm32f4xx_hal_cortex.o
 .debug_aranges
                0x00000190       0x80 Drivers\STM32F4xx_HAL_Driver\Src\stm32f4xx_hal_dma.o
 .debug_aranges
                0x00000210       0x58 Drivers\STM32F4xx_HAL_Driver\Src\stm32f4xx_hal_gpio.o
 .debug_aranges
                0x00000268       0xa0 Drivers\STM32F4xx_HAL_Driver\Src\stm32f4xx_hal_hcd.o
 .debug_aranges
                0x00000308      0x1b8 Drivers\STM32F4xx_HAL_Driver\Src\stm32f4xx_hal_i2c.o
 .debug_aranges
                0x000004c0       0xc8 Drivers\STM32F4xx_HAL_Driver\Src\stm32f4xx_hal_i2s.o
 .debug_aranges
                0x00000588       0x60 Drivers\STM32F4xx_HAL_Driver\Src\stm32f4xx_hal_i2s_ex.o
 .debug_aranges
                0x000005e8       0x88 Drivers\STM32F4xx_HAL_Driver\Src\stm32f4xx_hal_rcc.o
 .debug_aranges
                0x00000670       0x48 Drivers\STM32F4xx_HAL_Driver\Src\stm32f4xx_hal_rcc_ex.o
 .debug_aranges
                0x000006b8      0x188 Drivers\STM32F4xx_HAL_Driver\Src\stm32f4xx_hal_spi.o
 .debug_aranges
                0x00000840      0x278 Drivers\STM32F4xx_HAL_Driver\Src\stm32f4xx_hal_tim.o
 .debug_aranges
                0x00000ab8       0xf8 Drivers\STM32F4xx_HAL_Driver\Src\stm32f4xx_hal_tim_ex.o
 .debug_aranges
                0x00000bb0      0x170 Drivers\STM32F4xx_HAL_Driver\Src\stm32f4xx_hal_uart.o
 .debug_aranges
                0x00000d20      0x198 Drivers\STM32F4xx_HAL_Driver\Src\stm32f4xx_ll_usb.o
 .debug_aranges
                0x00000eb8       0x78 Middlewares\ST\STM32_USB_Host_Library\Class\CDC\Src\usbh_cdc.o
 .debug_aranges
                0x00000f30       0xb0 Middlewares\ST\STM32_USB_Host_Library\Core\Src\usbh_core.o
 .debug_aranges
                0x00000fe0       0x70 Middlewares\ST\STM32_USB_Host_Library\Core\Src\usbh_ctlreq.o
 .debug_aranges
                0x00001050       0x60 Middlewares\ST\STM32_USB_Host_Library\Core\Src\usbh_ioreq.o
 .debug_aranges
                0x000010b0       0x38 Middlewares\ST\STM32_USB_Host_Library\Core\Src\usbh_pipes.o
 .debug_aranges
                0x000010e8       0x20 Src\gpio.o
 .debug_aranges
                0x00001108       0x30 Src\i2c.o
 .debug_aranges
                0x00001138       0x30 Src\i2s.o
 .debug_aranges
                0x00001168       0x68 Src\main.o
 .debug_aranges
                0x000011d0       0x30 Src\spi.o
 .debug_aranges
                0x00001200       0x20 Src\stm32f4xx_hal_msp.o
 .debug_aranges
                0x00001220       0x60 Src\stm32f4xx_it.o
 .debug_aranges
                0x00001280       0xb0 Src\syscalls.o
 .debug_aranges
                0x00001330       0x28 Src\system_stm32f4xx.o
 .debug_aranges
                0x00001358       0x48 Src\tim.o
 .debug_aranges
                0x000013a0       0x38 Src\usart.o
 .debug_aranges
                0x000013d8       0x30 Src\usb_host.o
 .debug_aranges
                0x00001408       0xd8 Src\usbh_conf.o
 .debug_aranges
                0x000014e0       0x20 Src\usbh_platform.o
 .debug_aranges
                0x00001500       0x28 startup\startup_stm32f407xx.o

.debug_ranges   0x00000000     0x1b30
 .debug_ranges  0x00000000       0xd8 Drivers\STM32F4xx_HAL_Driver\Src\stm32f4xx_hal.o
 .debug_ranges  0x000000d8      0x128 Drivers\STM32F4xx_HAL_Driver\Src\stm32f4xx_hal_cortex.o
 .debug_ranges  0x00000200       0xc8 Drivers\STM32F4xx_HAL_Driver\Src\stm32f4xx_hal_dma.o
 .debug_ranges  0x000002c8       0x68 Drivers\STM32F4xx_HAL_Driver\Src\stm32f4xx_hal_gpio.o
 .debug_ranges  0x00000330       0xf8 Drivers\STM32F4xx_HAL_Driver\Src\stm32f4xx_hal_hcd.o
 .debug_ranges  0x00000428      0x3c0 Drivers\STM32F4xx_HAL_Driver\Src\stm32f4xx_hal_i2c.o
 .debug_ranges  0x000007e8       0xb8 Drivers\STM32F4xx_HAL_Driver\Src\stm32f4xx_hal_i2s.o
 .debug_ranges  0x000008a0       0x50 Drivers\STM32F4xx_HAL_Driver\Src\stm32f4xx_hal_i2s_ex.o
 .debug_ranges  0x000008f0       0xb0 Drivers\STM32F4xx_HAL_Driver\Src\stm32f4xx_hal_rcc.o
 .debug_ranges  0x000009a0       0x50 Drivers\STM32F4xx_HAL_Driver\Src\stm32f4xx_hal_rcc_ex.o
 .debug_ranges  0x000009f0      0x238 Drivers\STM32F4xx_HAL_Driver\Src\stm32f4xx_hal_spi.o
 .debug_ranges  0x00000c28      0x340 Drivers\STM32F4xx_HAL_Driver\Src\stm32f4xx_hal_tim.o
 .debug_ranges  0x00000f68       0xe8 Drivers\STM32F4xx_HAL_Driver\Src\stm32f4xx_hal_tim_ex.o
 .debug_ranges  0x00001050      0x178 Drivers\STM32F4xx_HAL_Driver\Src\stm32f4xx_hal_uart.o
 .debug_ranges  0x000011c8      0x1a0 Drivers\STM32F4xx_HAL_Driver\Src\stm32f4xx_ll_usb.o
 .debug_ranges  0x00001368       0xc8 Middlewares\ST\STM32_USB_Host_Library\Class\CDC\Src\usbh_cdc.o
 .debug_ranges  0x00001430       0xa0 Middlewares\ST\STM32_USB_Host_Library\Core\Src\usbh_core.o
 .debug_ranges  0x000014d0      0x120 Middlewares\ST\STM32_USB_Host_Library\Core\Src\usbh_ctlreq.o
 .debug_ranges  0x000015f0       0x50 Middlewares\ST\STM32_USB_Host_Library\Core\Src\usbh_ioreq.o
 .debug_ranges  0x00001640       0x48 Middlewares\ST\STM32_USB_Host_Library\Core\Src\usbh_pipes.o
 .debug_ranges  0x00001688       0x40 Src\gpio.o
 .debug_ranges  0x000016c8       0x38 Src\i2c.o
 .debug_ranges  0x00001700       0x38 Src\i2s.o
 .debug_ranges  0x00001738       0x58 Src\main.o
 .debug_ranges  0x00001790       0x38 Src\spi.o
 .debug_ranges  0x000017c8       0x28 Src\stm32f4xx_hal_msp.o
 .debug_ranges  0x000017f0       0x50 Src\stm32f4xx_it.o
 .debug_ranges  0x00001840       0xa0 Src\syscalls.o
 .debug_ranges  0x000018e0       0x18 Src\system_stm32f4xx.o
 .debug_ranges  0x000018f8       0x98 Src\tim.o
 .debug_ranges  0x00001990       0x58 Src\usart.o
 .debug_ranges  0x000019e8       0x20 Src\usb_host.o
 .debug_ranges  0x00001a08       0xf8 Src\usbh_conf.o
 .debug_ranges  0x00001b00       0x10 Src\usbh_platform.o
 .debug_ranges  0x00001b10       0x20 startup\startup_stm32f407xx.o

.debug_line     0x00000000     0xc755
 .debug_line    0x00000000      0x420 Drivers\STM32F4xx_HAL_Driver\Src\stm32f4xx_hal.o
 .debug_line    0x00000420      0x469 Drivers\STM32F4xx_HAL_Driver\Src\stm32f4xx_hal_cortex.o
 .debug_line    0x00000889      0x56e Drivers\STM32F4xx_HAL_Driver\Src\stm32f4xx_hal_dma.o
 .debug_line    0x00000df7      0x3f2 Drivers\STM32F4xx_HAL_Driver\Src\stm32f4xx_hal_gpio.o
 .debug_line    0x000011e9      0x5ec Drivers\STM32F4xx_HAL_Driver\Src\stm32f4xx_hal_hcd.o
 .debug_line    0x000017d5     0x1c1b Drivers\STM32F4xx_HAL_Driver\Src\stm32f4xx_hal_i2c.o
 .debug_line    0x000033f0      0x6a8 Drivers\STM32F4xx_HAL_Driver\Src\stm32f4xx_hal_i2s.o
 .debug_line    0x00003a98      0x57f Drivers\STM32F4xx_HAL_Driver\Src\stm32f4xx_hal_i2s_ex.o
 .debug_line    0x00004017      0x51a Drivers\STM32F4xx_HAL_Driver\Src\stm32f4xx_hal_rcc.o
 .debug_line    0x00004531      0x397 Drivers\STM32F4xx_HAL_Driver\Src\stm32f4xx_hal_rcc_ex.o
 .debug_line    0x000048c8      0xb7e Drivers\STM32F4xx_HAL_Driver\Src\stm32f4xx_hal_spi.o
 .debug_line    0x00005446     0x1197 Drivers\STM32F4xx_HAL_Driver\Src\stm32f4xx_hal_tim.o
 .debug_line    0x000065dd      0x6b4 Drivers\STM32F4xx_HAL_Driver\Src\stm32f4xx_hal_tim_ex.o
 .debug_line    0x00006c91      0xb95 Drivers\STM32F4xx_HAL_Driver\Src\stm32f4xx_hal_uart.o
 .debug_line    0x00007826      0x947 Drivers\STM32F4xx_HAL_Driver\Src\stm32f4xx_ll_usb.o
 .debug_line    0x0000816d      0x5c3 Middlewares\ST\STM32_USB_Host_Library\Class\CDC\Src\usbh_cdc.o
 .debug_line    0x00008730      0x5ca Middlewares\ST\STM32_USB_Host_Library\Core\Src\usbh_core.o
 .debug_line    0x00008cfa      0x559 Middlewares\ST\STM32_USB_Host_Library\Core\Src\usbh_ctlreq.o
 .debug_line    0x00009253      0x40f Middlewares\ST\STM32_USB_Host_Library\Core\Src\usbh_ioreq.o
 .debug_line    0x00009662      0x39e Middlewares\ST\STM32_USB_Host_Library\Core\Src\usbh_pipes.o
 .debug_line    0x00009a00      0x23f Src\gpio.o
 .debug_line    0x00009c3f      0x28f Src\i2c.o
 .debug_line    0x00009ece      0x2a2 Src\i2s.o
 .debug_line    0x0000a170      0x61e Src\main.o
 .debug_line    0x0000a78e      0x291 Src\spi.o
 .debug_line    0x0000aa1f      0x202 Src\stm32f4xx_hal_msp.o
 .debug_line    0x0000ac21      0x2ec Src\stm32f4xx_it.o
 .debug_line    0x0000af0d      0x3bb Src\syscalls.o
 .debug_line    0x0000b2c8      0x20d Src\system_stm32f4xx.o
 .debug_line    0x0000b4d5      0x39c Src\tim.o
 .debug_line    0x0000b871      0x301 Src\usart.o
 .debug_line    0x0000bb72      0x3ba Src\usb_host.o
 .debug_line    0x0000bf2c      0x5b2 Src\usbh_conf.o
 .debug_line    0x0000c4de      0x1f8 Src\usbh_platform.o
 .debug_line    0x0000c6d6       0x7f startup\startup_stm32f407xx.o

.debug_str      0x00000000     0x7b02
 .debug_str     0x00000000      0xb4f Drivers\STM32F4xx_HAL_Driver\Src\stm32f4xx_hal.o
                                0xbbd (size before relaxing)
 .debug_str     0x00000b4f      0x4a1 Drivers\STM32F4xx_HAL_Driver\Src\stm32f4xx_hal_cortex.o
                                0xcfc (size before relaxing)
 .debug_str     0x00000ff0      0x517 Drivers\STM32F4xx_HAL_Driver\Src\stm32f4xx_hal_dma.o
                                0x848 (size before relaxing)
 .debug_str     0x00001507      0x1d8 Drivers\STM32F4xx_HAL_Driver\Src\stm32f4xx_hal_gpio.o
                                0x5c2 (size before relaxing)
 .debug_str     0x000016df      0x844 Drivers\STM32F4xx_HAL_Driver\Src\stm32f4xx_hal_hcd.o
                                0xbbe (size before relaxing)
 .debug_str     0x00001f23      0xb04 Drivers\STM32F4xx_HAL_Driver\Src\stm32f4xx_hal_i2c.o
                               0x10f7 (size before relaxing)
 .debug_str     0x00002a27      0x434 Drivers\STM32F4xx_HAL_Driver\Src\stm32f4xx_hal_i2s.o
                                0xa24 (size before relaxing)
 .debug_str     0x00002e5b      0x1f1 Drivers\STM32F4xx_HAL_Driver\Src\stm32f4xx_hal_i2s_ex.o
                                0x965 (size before relaxing)
 .debug_str     0x0000304c      0x2d4 Drivers\STM32F4xx_HAL_Driver\Src\stm32f4xx_hal_rcc.o
                                0x7a0 (size before relaxing)
 .debug_str     0x00003320      0x15e Drivers\STM32F4xx_HAL_Driver\Src\stm32f4xx_hal_rcc_ex.o
                                0x58e (size before relaxing)
 .debug_str     0x0000347e      0x649 Drivers\STM32F4xx_HAL_Driver\Src\stm32f4xx_hal_spi.o
                                0xcab (size before relaxing)
 .debug_str     0x00003ac7      0xfe6 Drivers\STM32F4xx_HAL_Driver\Src\stm32f4xx_hal_tim.o
                               0x159f (size before relaxing)
 .debug_str     0x00004aad      0x548 Drivers\STM32F4xx_HAL_Driver\Src\stm32f4xx_hal_tim_ex.o
                                0xdb7 (size before relaxing)
 .debug_str     0x00004ff5      0x67c Drivers\STM32F4xx_HAL_Driver\Src\stm32f4xx_hal_uart.o
                                0xd03 (size before relaxing)
 .debug_str     0x00005671      0x502 Drivers\STM32F4xx_HAL_Driver\Src\stm32f4xx_ll_usb.o
                                0xd1e (size before relaxing)
 .debug_str     0x00005b73     0x124a Middlewares\ST\STM32_USB_Host_Library\Class\CDC\Src\usbh_cdc.o
                               0x162c (size before relaxing)
 .debug_str     0x00006dbd      0x2ac Middlewares\ST\STM32_USB_Host_Library\Core\Src\usbh_core.o
                               0x11be (size before relaxing)
 .debug_str     0x00007069      0x1db Middlewares\ST\STM32_USB_Host_Library\Core\Src\usbh_ctlreq.o
                               0x119c (size before relaxing)
 .debug_str     0x00007244       0xb2 Middlewares\ST\STM32_USB_Host_Library\Core\Src\usbh_ioreq.o
                                0xfd1 (size before relaxing)
 .debug_str     0x000072f6       0x80 Middlewares\ST\STM32_USB_Host_Library\Core\Src\usbh_pipes.o
                                0xf67 (size before relaxing)
 .debug_str     0x00007376       0x22 Src\gpio.o
                                0x462 (size before relaxing)
 .debug_str     0x00007398       0x38 Src\i2c.o
                                0x990 (size before relaxing)
 .debug_str     0x000073d0       0x2a Src\i2s.o
                                0x8c9 (size before relaxing)
 .debug_str     0x000073fa      0x1b3 Src\main.o
                               0x18e3 (size before relaxing)
 .debug_str     0x000075ad       0x17 Src\spi.o
                                0x8d9 (size before relaxing)
 .debug_str     0x000075c4       0x1b Src\stm32f4xx_hal_msp.o
                                0x3c7 (size before relaxing)
 .debug_str     0x000075df       0xeb Src\stm32f4xx_it.o
                                0xb75 (size before relaxing)
 .debug_str     0x000076ca      0x24c Src\syscalls.o
                                0x875 (size before relaxing)
 .debug_str     0x00007916       0x45 Src\system_stm32f4xx.o
                                0x426 (size before relaxing)
 .debug_str     0x0000795b       0x44 Src\tim.o
                                0xb4e (size before relaxing)
 .debug_str     0x0000799f       0x1a Src\usart.o
                                0xdd8 (size before relaxing)
 .debug_str     0x000079b9       0x99 Src\usb_host.o
                                0xf95 (size before relaxing)
 .debug_str     0x00007a52       0x99 Src\usbh_conf.o
                               0x1e1b (size before relaxing)
 .debug_str     0x00007aeb       0x17 Src\usbh_platform.o
                                0x334 (size before relaxing)

.comment        0x00000000       0x7c
 .comment       0x00000000       0x7c Drivers\STM32F4xx_HAL_Driver\Src\stm32f4xx_hal.o
                                 0x7d (size before relaxing)
 .comment       0x0000007c       0x7d Drivers\STM32F4xx_HAL_Driver\Src\stm32f4xx_hal_cortex.o
 .comment       0x0000007c       0x7d Drivers\STM32F4xx_HAL_Driver\Src\stm32f4xx_hal_dma.o
 .comment       0x0000007c       0x7d Drivers\STM32F4xx_HAL_Driver\Src\stm32f4xx_hal_gpio.o
 .comment       0x0000007c       0x7d Drivers\STM32F4xx_HAL_Driver\Src\stm32f4xx_hal_hcd.o
 .comment       0x0000007c       0x7d Drivers\STM32F4xx_HAL_Driver\Src\stm32f4xx_hal_i2c.o
 .comment       0x0000007c       0x7d Drivers\STM32F4xx_HAL_Driver\Src\stm32f4xx_hal_i2s.o
 .comment       0x0000007c       0x7d Drivers\STM32F4xx_HAL_Driver\Src\stm32f4xx_hal_i2s_ex.o
 .comment       0x0000007c       0x7d Drivers\STM32F4xx_HAL_Driver\Src\stm32f4xx_hal_rcc.o
 .comment       0x0000007c       0x7d Drivers\STM32F4xx_HAL_Driver\Src\stm32f4xx_hal_rcc_ex.o
 .comment       0x0000007c       0x7d Drivers\STM32F4xx_HAL_Driver\Src\stm32f4xx_hal_spi.o
 .comment       0x0000007c       0x7d Drivers\STM32F4xx_HAL_Driver\Src\stm32f4xx_hal_tim.o
 .comment       0x0000007c       0x7d Drivers\STM32F4xx_HAL_Driver\Src\stm32f4xx_hal_tim_ex.o
 .comment       0x0000007c       0x7d Drivers\STM32F4xx_HAL_Driver\Src\stm32f4xx_hal_uart.o
 .comment       0x0000007c       0x7d Drivers\STM32F4xx_HAL_Driver\Src\stm32f4xx_ll_usb.o
 .comment       0x0000007c       0x7d Middlewares\ST\STM32_USB_Host_Library\Class\CDC\Src\usbh_cdc.o
 .comment       0x0000007c       0x7d Middlewares\ST\STM32_USB_Host_Library\Core\Src\usbh_core.o
 .comment       0x0000007c       0x7d Middlewares\ST\STM32_USB_Host_Library\Core\Src\usbh_ctlreq.o
 .comment       0x0000007c       0x7d Middlewares\ST\STM32_USB_Host_Library\Core\Src\usbh_ioreq.o
 .comment       0x0000007c       0x7d Middlewares\ST\STM32_USB_Host_Library\Core\Src\usbh_pipes.o
 .comment       0x0000007c       0x7d Src\gpio.o
 .comment       0x0000007c       0x7d Src\i2c.o
 .comment       0x0000007c       0x7d Src\i2s.o
 .comment       0x0000007c       0x7d Src\main.o
 .comment       0x0000007c       0x7d Src\spi.o
 .comment       0x0000007c       0x7d Src\stm32f4xx_hal_msp.o
 .comment       0x0000007c       0x7d Src\stm32f4xx_it.o
 .comment       0x0000007c       0x7d Src\syscalls.o
 .comment       0x0000007c       0x7d Src\system_stm32f4xx.o
 .comment       0x0000007c       0x7d Src\tim.o
 .comment       0x0000007c       0x7d Src\usart.o
 .comment       0x0000007c       0x7d Src\usb_host.o
 .comment       0x0000007c       0x7d Src\usbh_conf.o
 .comment       0x0000007c       0x7d Src\usbh_platform.o

.debug_frame    0x00000000     0x401c
 .debug_frame   0x00000000      0x1f4 Drivers\STM32F4xx_HAL_Driver\Src\stm32f4xx_hal.o
 .debug_frame   0x000001f4      0x158 Drivers\STM32F4xx_HAL_Driver\Src\stm32f4xx_hal_cortex.o
 .debug_frame   0x0000034c      0x150 Drivers\STM32F4xx_HAL_Driver\Src\stm32f4xx_hal_dma.o
 .debug_frame   0x0000049c       0xd8 Drivers\STM32F4xx_HAL_Driver\Src\stm32f4xx_hal_gpio.o
 .debug_frame   0x00000574      0x218 Drivers\STM32F4xx_HAL_Driver\Src\stm32f4xx_hal_hcd.o
 .debug_frame   0x0000078c      0x710 Drivers\STM32F4xx_HAL_Driver\Src\stm32f4xx_hal_i2c.o
 .debug_frame   0x00000e9c      0x288 Drivers\STM32F4xx_HAL_Driver\Src\stm32f4xx_hal_i2s.o
 .debug_frame   0x00001124      0x130 Drivers\STM32F4xx_HAL_Driver\Src\stm32f4xx_hal_i2s_ex.o
 .debug_frame   0x00001254      0x13c Drivers\STM32F4xx_HAL_Driver\Src\stm32f4xx_hal_rcc.o
 .debug_frame   0x00001390       0xac Drivers\STM32F4xx_HAL_Driver\Src\stm32f4xx_hal_rcc_ex.o
 .debug_frame   0x0000143c      0x574 Drivers\STM32F4xx_HAL_Driver\Src\stm32f4xx_hal_spi.o
 .debug_frame   0x000019b0      0x928 Drivers\STM32F4xx_HAL_Driver\Src\stm32f4xx_hal_tim.o
 .debug_frame   0x000022d8      0x360 Drivers\STM32F4xx_HAL_Driver\Src\stm32f4xx_hal_tim_ex.o
 .debug_frame   0x00002638      0x4a0 Drivers\STM32F4xx_HAL_Driver\Src\stm32f4xx_hal_uart.o
 .debug_frame   0x00002ad8      0x45c Drivers\STM32F4xx_HAL_Driver\Src\stm32f4xx_ll_usb.o
 .debug_frame   0x00002f34      0x148 Middlewares\ST\STM32_USB_Host_Library\Class\CDC\Src\usbh_cdc.o
 .debug_frame   0x0000307c      0x19c Middlewares\ST\STM32_USB_Host_Library\Core\Src\usbh_core.o
 .debug_frame   0x00003218      0x118 Middlewares\ST\STM32_USB_Host_Library\Core\Src\usbh_ctlreq.o
 .debug_frame   0x00003330      0x130 Middlewares\ST\STM32_USB_Host_Library\Core\Src\usbh_ioreq.o
 .debug_frame   0x00003460       0x70 Middlewares\ST\STM32_USB_Host_Library\Core\Src\usbh_pipes.o
 .debug_frame   0x000034d0       0x38 Src\gpio.o
 .debug_frame   0x00003508       0x60 Src\i2c.o
 .debug_frame   0x00003568       0x74 Src\i2s.o
 .debug_frame   0x000035dc      0x11c Src\main.o
 .debug_frame   0x000036f8       0x60 Src\spi.o
 .debug_frame   0x00003758       0x28 Src\stm32f4xx_hal_msp.o
 .debug_frame   0x00003780       0xd0 Src\stm32f4xx_it.o
 .debug_frame   0x00003850      0x1a8 Src\syscalls.o
 .debug_frame   0x000039f8       0x38 Src\system_stm32f4xx.o
 .debug_frame   0x00003a30       0xbc Src\tim.o
 .debug_frame   0x00003aec       0xa0 Src\usart.o
 .debug_frame   0x00003b8c       0x50 Src\usb_host.o
 .debug_frame   0x00003bdc      0x208 Src\usbh_conf.o
 .debug_frame   0x00003de4       0x20 Src\usbh_platform.o
 .debug_frame   0x00003e04       0x20 c:/program files (x86)/atollic/truestudio for stm32 9.3.0/armtools/bin/../lib/gcc/arm-atollic-eabi/6.3.1/../../../../arm-atollic-eabi/lib/armv7e-m/fpu\libc_nano.a(lib_a-errno.o)
 .debug_frame   0x00003e24       0x2c c:/program files (x86)/atollic/truestudio for stm32 9.3.0/armtools/bin/../lib/gcc/arm-atollic-eabi/6.3.1/../../../../arm-atollic-eabi/lib/armv7e-m/fpu\libc_nano.a(lib_a-init.o)
 .debug_frame   0x00003e50       0x30 c:/program files (x86)/atollic/truestudio for stm32 9.3.0/armtools/bin/../lib/gcc/arm-atollic-eabi/6.3.1/../../../../arm-atollic-eabi/lib/armv7e-m/fpu\libc_nano.a(lib_a-malloc.o)
 .debug_frame   0x00003e80       0x20 c:/program files (x86)/atollic/truestudio for stm32 9.3.0/armtools/bin/../lib/gcc/arm-atollic-eabi/6.3.1/../../../../arm-atollic-eabi/lib/armv7e-m/fpu\libc_nano.a(lib_a-memset.o)
 .debug_frame   0x00003ea0       0x38 c:/program files (x86)/atollic/truestudio for stm32 9.3.0/armtools/bin/../lib/gcc/arm-atollic-eabi/6.3.1/../../../../arm-atollic-eabi/lib/armv7e-m/fpu\libc_nano.a(lib_a-nano-freer.o)
 .debug_frame   0x00003ed8       0x2c c:/program files (x86)/atollic/truestudio for stm32 9.3.0/armtools/bin/../lib/gcc/arm-atollic-eabi/6.3.1/../../../../arm-atollic-eabi/lib/armv7e-m/fpu\libc_nano.a(lib_a-nano-mallocr.o)
 .debug_frame   0x00003f04       0x2c c:/program files (x86)/atollic/truestudio for stm32 9.3.0/armtools/bin/../lib/gcc/arm-atollic-eabi/6.3.1/../../../../arm-atollic-eabi/lib/armv7e-m/fpu\libc_nano.a(lib_a-sbrkr.o)
 .debug_frame   0x00003f30       0x30 c:/program files (x86)/atollic/truestudio for stm32 9.3.0/armtools/bin/../lib/gcc/arm-atollic-eabi/6.3.1/../../../../arm-atollic-eabi/lib/armv7e-m/fpu\libc_nano.a(lib_a-mlock.o)
 .debug_frame   0x00003f60       0x5c c:/program files (x86)/atollic/truestudio for stm32 9.3.0/armtools/bin/../lib/gcc/arm-atollic-eabi/6.3.1/../../../../arm-atollic-eabi/lib/armv7e-m/fpu\libc_nano.a(lib_a-reent.o)
 .debug_frame   0x00003fbc       0x2c c:/program files (x86)/atollic/truestudio for stm32 9.3.0/armtools/bin/../lib/gcc/arm-atollic-eabi/6.3.1/armv7e-m/fpu\libgcc.a(_aeabi_uldivmod.o)
 .debug_frame   0x00003fe8       0x34 c:/program files (x86)/atollic/truestudio for stm32 9.3.0/armtools/bin/../lib/gcc/arm-atollic-eabi/6.3.1/armv7e-m/fpu\libgcc.a(_udivmoddi4.o)
